Archive member included to satisfy reference by file (symbol)

c:/nxp/mcuxpressoide_10.2.0_759/ide/tools/bin/../lib/gcc/arm-none-eabi/7.2.1/../../../../arm-none-eabi/lib/thumb/v7e-m/fpv4-sp/hard\libcr_semihost_nf.a(_cr__main.o)
                              ./startup/startup_mk64f12.o (__main)
c:/nxp/mcuxpressoide_10.2.0_759/ide/tools/bin/../lib/gcc/arm-none-eabi/7.2.1/../../../../arm-none-eabi/lib/thumb/v7e-m/fpv4-sp/hard\libcr_semihost_nf.a(_cr_assert.o)
                              ./utilities/fsl_debug_console.o (__assertion_failed)
c:/nxp/mcuxpressoide_10.2.0_759/ide/tools/bin/../lib/gcc/arm-none-eabi/7.2.1/../../../../arm-none-eabi/lib/thumb/v7e-m/fpv4-sp/hard\libcr_semihost_nf.a(__ciob.o)
                              c:/nxp/mcuxpressoide_10.2.0_759/ide/tools/bin/../lib/gcc/arm-none-eabi/7.2.1/../../../../arm-none-eabi/lib/thumb/v7e-m/fpv4-sp/hard\libcr_semihost_nf.a(_cr_assert.o) (__Ciob)
c:/nxp/mcuxpressoide_10.2.0_759/ide/tools/bin/../lib/gcc/arm-none-eabi/7.2.1/../../../../arm-none-eabi/lib/thumb/v7e-m/fpv4-sp/hard\libcr_semihost_nf.a(__sys_appexit.o)
                              c:/nxp/mcuxpressoide_10.2.0_759/ide/tools/bin/../lib/gcc/arm-none-eabi/7.2.1/../../../../arm-none-eabi/lib/thumb/v7e-m/fpv4-sp/hard\libcr_semihost_nf.a(_cr_assert.o) (__sys_appexit)
c:/nxp/mcuxpressoide_10.2.0_759/ide/tools/bin/../lib/gcc/arm-none-eabi/7.2.1/../../../../arm-none-eabi/lib/thumb/v7e-m/fpv4-sp/hard\libcr_c.a(memcpy.o)
                              ./source/fatfs_sdcard.o (memcpy)
c:/nxp/mcuxpressoide_10.2.0_759/ide/tools/bin/../lib/gcc/arm-none-eabi/7.2.1/../../../../arm-none-eabi/lib/thumb/v7e-m/fpv4-sp/hard\libcr_c.a(memmove.o)
                              ./helix/mp3dec.o (memmove)
c:/nxp/mcuxpressoide_10.2.0_759/ide/tools/bin/../lib/gcc/arm-none-eabi/7.2.1/../../../../arm-none-eabi/lib/thumb/v7e-m/fpv4-sp/hard\libcr_c.a(memset.o)
                              ./sdmmc/src/fsl_sd.o (memset)
c:/nxp/mcuxpressoide_10.2.0_759/ide/tools/bin/../lib/gcc/arm-none-eabi/7.2.1/../../../../arm-none-eabi/lib/thumb/v7e-m/fpv4-sp/hard\libcr_c.a(_deferredlazyseek.o)
                              c:/nxp/mcuxpressoide_10.2.0_759/ide/tools/bin/../lib/gcc/arm-none-eabi/7.2.1/../../../../arm-none-eabi/lib/thumb/v7e-m/fpv4-sp/hard\libcr_semihost_nf.a(_cr_assert.o) (__flsbuf)
c:/nxp/mcuxpressoide_10.2.0_759/ide/tools/bin/../lib/gcc/arm-none-eabi/7.2.1/../../../../arm-none-eabi/lib/thumb/v7e-m/fpv4-sp/hard\libcr_c.a(_fflush.o)
                              c:/nxp/mcuxpressoide_10.2.0_759/ide/tools/bin/../lib/gcc/arm-none-eabi/7.2.1/../../../../arm-none-eabi/lib/thumb/v7e-m/fpv4-sp/hard\libcr_c.a(_deferredlazyseek.o) (_fflush)
c:/nxp/mcuxpressoide_10.2.0_759/ide/tools/bin/../lib/gcc/arm-none-eabi/7.2.1/../../../../arm-none-eabi/lib/thumb/v7e-m/fpv4-sp/hard\libcr_c.a(_writebuf.o)
                              c:/nxp/mcuxpressoide_10.2.0_759/ide/tools/bin/../lib/gcc/arm-none-eabi/7.2.1/../../../../arm-none-eabi/lib/thumb/v7e-m/fpv4-sp/hard\libcr_c.a(_deferredlazyseek.o) (_Cwritebuf)
c:/nxp/mcuxpressoide_10.2.0_759/ide/tools/bin/../lib/gcc/arm-none-eabi/7.2.1/../../../../arm-none-eabi/lib/thumb/v7e-m/fpv4-sp/hard\libcr_c.a(alloc.o)
                              ./drivers/fsl_common.o (malloc)
c:/nxp/mcuxpressoide_10.2.0_759/ide/tools/bin/../lib/gcc/arm-none-eabi/7.2.1/../../../../arm-none-eabi/lib/thumb/v7e-m/fpv4-sp/hard\libcr_c.a(fputs.o)
                              c:/nxp/mcuxpressoide_10.2.0_759/ide/tools/bin/../lib/gcc/arm-none-eabi/7.2.1/../../../../arm-none-eabi/lib/thumb/v7e-m/fpv4-sp/hard\libcr_semihost_nf.a(_cr_assert.o) (fputs)
c:/nxp/mcuxpressoide_10.2.0_759/ide/tools/bin/../lib/gcc/arm-none-eabi/7.2.1/../../../../arm-none-eabi/lib/thumb/v7e-m/fpv4-sp/hard\libcr_c.a(fseek.o)
                              c:/nxp/mcuxpressoide_10.2.0_759/ide/tools/bin/../lib/gcc/arm-none-eabi/7.2.1/../../../../arm-none-eabi/lib/thumb/v7e-m/fpv4-sp/hard\libcr_c.a(_deferredlazyseek.o) (fseek)
c:/nxp/mcuxpressoide_10.2.0_759/ide/tools/bin/../lib/gcc/arm-none-eabi/7.2.1/../../../../arm-none-eabi/lib/thumb/v7e-m/fpv4-sp/hard\libcr_c.a(ftell.o)
                              c:/nxp/mcuxpressoide_10.2.0_759/ide/tools/bin/../lib/gcc/arm-none-eabi/7.2.1/../../../../arm-none-eabi/lib/thumb/v7e-m/fpv4-sp/hard\libcr_c.a(fseek.o) (ftell)
c:/nxp/mcuxpressoide_10.2.0_759/ide/tools/bin/../lib/gcc/arm-none-eabi/7.2.1/../../../../arm-none-eabi/lib/thumb/v7e-m/fpv4-sp/hard\libcr_c.a(initio.o)
                              c:/nxp/mcuxpressoide_10.2.0_759/ide/tools/bin/../lib/gcc/arm-none-eabi/7.2.1/../../../../arm-none-eabi/lib/thumb/v7e-m/fpv4-sp/hard\libcr_semihost_nf.a(_cr__main.o) (_initio)
c:/nxp/mcuxpressoide_10.2.0_759/ide/tools/bin/../lib/gcc/arm-none-eabi/7.2.1/../../../../arm-none-eabi/lib/thumb/v7e-m/fpv4-sp/hard\libcr_c.a(printf.o)
                              ./utilities/fsl_assert.o (_printf)
[...]
Memory Configuration

Name             Origin             Length             Attributes
PROGRAM_FLASH    0x00000000         0x00100000         xr
SRAM_UPPER       0x20000000         0x00030000         xrw
SRAM_LOWER       0x1fff0000         0x00010000         xrw
FLEX_RAM         0x14000000         0x00001000         xrw
*default*        0x00000000         0xffffffff

Linker script and memory map

LOAD ./utilities/fsl_assert.o
LOAD ./utilities/fsl_debug_console.o
LOAD ./utilities/fsl_io.o
LOAD ./utilities/fsl_log.o
LOAD ./utilities/fsl_str.o
LOAD ./startup/startup_mk64f12.o
LOAD ./source/fatfs_sdcard.o
LOAD ./source/semihost_hardfault.o
LOAD ./sdmmc/src/fsl_sd.o
LOAD ./sdmmc/src/fsl_sdmmc_common.o
LOAD ./sdmmc/port/fsl_sdmmc_event.o
LOAD ./sdmmc/port/fsl_sdmmc_host.o
LOAD ./helix/real/bitstream.o
LOAD ./helix/real/buffers.o
LOAD ./helix/real/dct32.o
LOAD ./helix/real/dequant.o
LOAD ./helix/real/dqchan.o
LOAD ./helix/real/huffman.o
LOAD ./helix/real/hufftabs.o
LOAD ./helix/real/imdct.o
LOAD ./helix/real/polyphase.o
LOAD ./helix/real/scalfact.o
LOAD ./helix/real/stproc.o
LOAD ./helix/real/subband.o
LOAD ./helix/real/trigtabs_fixpt.o
LOAD ./helix/mp3dec.o
LOAD ./helix/mp3tabs.o
LOAD ./fatfs/fatfs_source/diskio.o
LOAD ./fatfs/fatfs_source/ff.o
LOAD ./fatfs/fatfs_source/ffsystem.o
LOAD ./fatfs/fatfs_source/ffunicode.o
LOAD ./fatfs/fatfs_source/fsl_sd_disk.o
LOAD ./drivers/fsl_clock.o
LOAD ./drivers/fsl_common.o
LOAD ./drivers/fsl_dspi.o
LOAD ./drivers/fsl_ftfx_cache.o
LOAD ./drivers/fsl_ftfx_controller.o
LOAD ./drivers/fsl_ftfx_flash.o
LOAD ./drivers/fsl_ftfx_flexnvm.o
LOAD ./drivers/fsl_gpio.o
LOAD ./drivers/fsl_sdhc.o
LOAD ./drivers/fsl_smc.o
LOAD ./drivers/fsl_sysmpu.o
LOAD ./drivers/fsl_uart.o
LOAD ./board/src/board.o
LOAD ./board/src/clock_config.o
LOAD ./board/peripherals.o
LOAD ./board/pin_mux.o
LOAD ./CMSIS/system_MK64F12.o
START GROUP
LOAD c:/nxp/mcuxpressoide_10.2.0_759/ide/tools/bin/../lib/gcc/arm-none-eabi/7.2.1/../../../../arm-none-eabi/lib/thumb/v7e-m/fpv4-sp/hard\libcr_semihost_nf.a
LOAD c:/nxp/mcuxpressoide_10.2.0_759/ide/tools/bin/../lib/gcc/arm-none-eabi/7.2.1/../../../../arm-none-eabi/lib/thumb/v7e-m/fpv4-sp/hard\libcr_c.a
LOAD c:/nxp/mcuxpressoide_10.2.0_759/ide/tools/bin/../lib/gcc/arm-none-eabi/7.2.1/thumb/v7e-m/fpv4-sp/hard\libcr_eabihelpers.a
END GROUP
                0x00000000                __base_PROGRAM_FLASH = 0x0
                0x00000000                __base_Flash = 0x0
                0x00100000                __top_PROGRAM_FLASH = 0x100000
                0x00100000                __top_Flash = 0x100000
                0x20000000                __base_SRAM_UPPER = 0x20000000
                0x20000000                __base_RAM = 0x20000000
                0x20030000                __top_SRAM_UPPER = 0x20030000
                0x20030000                __top_RAM = 0x20030000
                0x1fff0000                __base_SRAM_LOWER = 0x1fff0000
                0x1fff0000                __base_RAM2 = 0x1fff0000
                0x20000000                __top_SRAM_LOWER = 0x20000000
                0x20000000                __top_RAM2 = 0x20000000
                0x14000000                __base_FLEX_RAM = 0x14000000
                0x14000000                __base_RAM3 = 0x14000000
                0x14001000                __top_FLEX_RAM = 0x14001000
                0x14001000                __top_RAM3 = 0x14001000

.text           0x00000000     0xb480
 FILL mask 0xff
                0x00000000                __vectors_start__ = ABSOLUTE (.)
 *(SORT_BY_ALIGNMENT(.isr_vector))
 .isr_vector    0x00000000      0x198 ./startup/startup_mk64f12.o
                0x00000000                g_pfnVectors
                0x00000000                __Vectors
                0x00000198                . = ALIGN (0x4)
                0x00000198                __section_table_start = .
                0x00000198                __data_section_table = .
                0x00000198        0x4 LONG 0xb480 LOADADDR (.data)
                0x0000019c        0x4 LONG 0x20000000 ADDR (.data)
                0x000001a0        0x4 LONG 0x10 SIZEOF (.data)
                0x000001a4        0x4 LONG 0xb480 LOADADDR (.data_RAM2)
                0x000001a8        0x4 LONG 0x1fff0000 ADDR (.data_RAM2)
                0x000001ac        0x4 LONG 0x0 SIZEOF (.data_RAM2)
                0x000001b0        0x4 LONG 0xb480 LOADADDR (.data_RAM3)
                0x000001b4        0x4 LONG 0x14000000 ADDR (.data_RAM3)
                0x000001b8        0x4 LONG 0x0 SIZEOF (.data_RAM3)
                0x000001bc                __data_section_table_end = .
                0x000001bc                __bss_section_table = .
                0x000001bc        0x4 LONG 0x20000010 ADDR (.bss)
                0x000001c0        0x4 LONG 0x9e10 SIZEOF (.bss)
                0x000001c4        0x4 LONG 0x1fff0000 ADDR (.bss_RAM2)
                0x000001c8        0x4 LONG 0x0 SIZEOF (.bss_RAM2)
                0x000001cc        0x4 LONG 0x14000000 ADDR (.bss_RAM3)
                0x000001d0        0x4 LONG 0x0 SIZEOF (.bss_RAM3)
                0x000001d4                __bss_section_table_end = .
                0x000001d4                __section_table_end = .
 *(SORT_BY_ALIGNMENT(.after_vectors*))
 .after_vectors.reset
                0x000001d4       0x4c ./startup/startup_mk64f12.o
                0x000001d4                ResetISR
 .after_vectors.init_data
                0x00000220       0x1e ./startup/startup_mk64f12.o
                0x00000220                data_init
 .after_vectors.init_bss
                0x0000023e       0x12 ./startup/startup_mk64f12.o
                0x0000023e                bss_init
 .after_vectors
                0x00000250       0x14 ./startup/startup_mk64f12.o
                0x00000250                NMI_Handler
                0x00000254                MemManage_Handler
                0x00000256                BusFault_Handler
                0x00000258                UsageFault_Handler
                0x0000025a                SVC_Handler
                0x0000025c                DebugMon_Handler
                0x0000025e                PendSV_Handler
                0x00000262                DMA_Error_DriverIRQHandler
                0x00000262                FTM1_DriverIRQHandler
                0x00000262                FTM2_DriverIRQHandler
                0x00000262                PIT2_DriverIRQHandler
                0x00000262                I2S0_Tx_DriverIRQHandler
                0x00000262                RTC_Seconds_DriverIRQHandler
                0x00000262                DMA6_DriverIRQHandler
                0x00000262                LLWU_DriverIRQHandler
                0x00000262                MCM_DriverIRQHandler
                0x00000262                MCG_DriverIRQHandler
                0x00000262                ENET_1588_Timer_DriverIRQHandler
                0x00000262                I2C2_DriverIRQHandler
                0x00000262                DAC1_DriverIRQHandler
                0x00000262                LPTMR0_DriverIRQHandler
                0x00000262                CMP1_DriverIRQHandler
                0x00000262                FTM0_DriverIRQHandler
                0x00000262                IntDefaultHandler
                0x00000262                USB0_DriverIRQHandler
                0x00000262                UART5_ERR_DriverIRQHandler
                0x00000262                PORTC_DriverIRQHandler
                0x00000262                DMA11_DriverIRQHandler
                0x00000262                DAC0_DriverIRQHandler
                0x00000262                DMA10_DriverIRQHandler
                0x00000262                CMP2_DriverIRQHandler
                0x00000262                UART2_ERR_DriverIRQHandler
                0x00000262                LVD_LVW_DriverIRQHandler
                0x00000262                PIT0_DriverIRQHandler
                0x00000262                RNG_DriverIRQHandler
                0x00000262                DMA12_DriverIRQHandler
                0x00000262                DMA4_DriverIRQHandler
                0x00000262                USBDCD_DriverIRQHandler
                0x00000262                UART3_ERR_DriverIRQHandler
                0x00000262                DMA3_DriverIRQHandler
                0x00000262                DMA8_DriverIRQHandler
                0x00000262                DMA9_DriverIRQHandler
                0x00000262                UART0_ERR_DriverIRQHandler
                0x00000262                CMT_DriverIRQHandler
                0x00000262                Reserved71_DriverIRQHandler
                0x00000262                ADC1_DriverIRQHandler
                0x00000262                PORTA_DriverIRQHandler
                0x00000262                DMA14_DriverIRQHandler
                0x00000262                PIT3_DriverIRQHandler
                0x00000262                PIT1_DriverIRQHandler
                0x00000262                WDOG_EWM_DriverIRQHandler
                0x00000262                PDB0_DriverIRQHandler
                0x00000262                RTC_DriverIRQHandler
                0x00000262                I2S0_Rx_DriverIRQHandler
                0x00000262                Read_Collision_DriverIRQHandler
                0x00000262                SWI_DriverIRQHandler
                0x00000262                UART4_ERR_DriverIRQHandler
                0x00000262                PORTB_DriverIRQHandler
                0x00000262                UART0_LON_DriverIRQHandler
                0x00000262                DMA0_DriverIRQHandler
                0x00000262                DMA1_DriverIRQHandler
                0x00000262                I2C1_DriverIRQHandler
                0x00000262                ENET_Receive_DriverIRQHandler
                0x00000262                DMA13_DriverIRQHandler
                0x00000262                ENET_Error_DriverIRQHandler
                0x00000262                DMA15_DriverIRQHandler
                0x00000262                ADC0_DriverIRQHandler
                0x00000262                CMP0_DriverIRQHandler
                0x00000262                CAN0_DriverIRQHandler
                0x00000262                FTM3_DriverIRQHandler
                0x00000262                DMA5_DriverIRQHandler
                0x00000262                UART1_ERR_DriverIRQHandler
                0x00000262                DMA2_DriverIRQHandler
                0x00000262                ENET_Transmit_DriverIRQHandler
                0x00000262                PORTD_DriverIRQHandler
                0x00000262                PORTE_DriverIRQHandler
                0x00000262                FTFE_DriverIRQHandler
                0x00000262                I2C0_DriverIRQHandler
                0x00000262                DMA7_DriverIRQHandler
                0x00000400                . = 0x400
 *fill*         0x00000264      0x19c ff
                0x00000400                PROVIDE (__FLASH_CONFIG_START__, .)
 *(SORT_BY_ALIGNMENT(.FlashConfig))
 .FlashConfig   0x00000400       0x10 ./startup/startup_mk64f12.o
                0x00000400                Flash_Config
                0x00000410                PROVIDE (__FLASH_CONFIG_END__, .)
                0x00000001                ASSERT (! ((__FLASH_CONFIG_START__ == __FLASH_CONFIG_END__)), Linker Flash Config Support Enabled, but no .FlashConfig section provided within application)
 *(SORT_BY_ALIGNMENT(.text*))
 .text.DbgConsole_Init
                0x00000410       0x38 ./utilities/fsl_debug_console.o
                0x00000410                DbgConsole_Init
 .text.IO_Init  0x00000448       0x80 ./utilities/fsl_io.o
                0x00000448                IO_Init
 .text.main     0x000004c8      0x198 ./source/fatfs_sdcard.o
                0x000004c8                main
 .text.sdcardWaitCardInsert
                0x00000660       0x90 ./source/fatfs_sdcard.o
 .text.play_file
                0x000006f0       0x74 ./source/fatfs_sdcard.o
                0x000006f0                play_file
 .text.Mp3ReadId3V2Tag
                0x00000764      0x274 ./source/fatfs_sdcard.o
 .text.SD_SelectCard
                0x000009d8       0x38 ./sdmmc/src/fsl_sd.o
 .text.SD_SendApplicationCmd
                0x00000a10       0x34 ./sdmmc/src/fsl_sd.o
 .text.SD_GoIdle
                0x00000a44       0x34 ./sdmmc/src/fsl_sd.o
 .text.SD_SetBlockSize
                0x00000a78       0x34 ./sdmmc/src/fsl_sd.o
 .text.SD_ExecuteTuning
                0x00000aac       0x34 ./sdmmc/src/fsl_sd.o
 .text.SD_SwitchVoltage
                0x00000ae0       0x34 ./sdmmc/src/fsl_sd.o
 .text.SD_Transfer
                0x00000b14       0xc0 ./sdmmc/src/fsl_sd.o
 .text.SD_WaitWriteComplete
                0x00000bd4       0x90 ./sdmmc/src/fsl_sd.o
 .text.SD_StopTransmission
                0x00000c64       0x78 ./sdmmc/src/fsl_sd.o
 .text.SD_SendRca
                0x00000cdc       0x74 ./sdmmc/src/fsl_sd.o
 .text.SD_SwitchFunction
                0x00000d50       0xd8 ./sdmmc/src/fsl_sd.o
 .text.SD_DecodeScr
                0x00000e28      0x170 ./sdmmc/src/fsl_sd.o
 .text.SD_SendScr
                0x00000f98      0x144 ./sdmmc/src/fsl_sd.o
 .text.SD_SelectFunction
                0x000010dc      0x2a8 ./sdmmc/src/fsl_sd.o
 .text.SD_SetDataBusWidth
                0x00001384       0xb0 ./sdmmc/src/fsl_sd.o
 .text.SD_DecodeCsd
                0x00001434      0x374 ./sdmmc/src/fsl_sd.o
 .text.SD_SendCsd
                0x000017a8       0x94 ./sdmmc/src/fsl_sd.o
 .text.SD_DecodeCid
                0x0000183c       0xd4 ./sdmmc/src/fsl_sd.o
 .text.SD_AllSendCid
                0x00001910       0x90 ./sdmmc/src/fsl_sd.o
 .text.SD_ApplicationSendOperationCondition
                0x000019a0       0xd8 ./sdmmc/src/fsl_sd.o
 .text.SD_SendInterfaceCondition
                0x00001a78       0x9c ./sdmmc/src/fsl_sd.o
 .text.SD_SelectBusTiming
                0x00001b14       0xac ./sdmmc/src/fsl_sd.o
 .text.SD_SetDriverStrength
                0x00001bc0       0x38 ./sdmmc/src/fsl_sd.o
 .text.SD_SetMaxCurrent
                0x00001bf8       0x38 ./sdmmc/src/fsl_sd.o
 .text.SD_Read  0x00001c30      0x160 ./sdmmc/src/fsl_sd.o
 .text.SD_Write
                0x00001d90      0x178 ./sdmmc/src/fsl_sd.o
 .text.SD_ReadBlocks
                0x00001f08      0x14c ./sdmmc/src/fsl_sd.o
                0x00001f08                SD_ReadBlocks
 .text.SD_WriteBlocks
                0x00002054      0x148 ./sdmmc/src/fsl_sd.o
                0x00002054                SD_WriteBlocks
 .text.SD_CardInit
                0x0000219c      0x208 ./sdmmc/src/fsl_sd.o
                0x0000219c                SD_CardInit
 .text.SD_CardDeinit
                0x000023a4       0x28 ./sdmmc/src/fsl_sd.o
                0x000023a4                SD_CardDeinit
 .text.SD_HostInit
                0x000023cc       0x54 ./sdmmc/src/fsl_sd.o
                0x000023cc                SD_HostInit
 .text.SDMMC_SelectCard
                0x00002420       0x90 ./sdmmc/src/fsl_sdmmc_common.o
                0x00002420                SDMMC_SelectCard
 .text.SDMMC_SendApplicationCommand
                0x000024b0       0x8c ./sdmmc/src/fsl_sdmmc_common.o
                0x000024b0                SDMMC_SendApplicationCommand
 .text.SDMMC_GoIdle
                0x0000253c       0x64 ./sdmmc/src/fsl_sdmmc_common.o
                0x0000253c                SDMMC_GoIdle
 .text.SDMMC_SetBlockSize
                0x000025a0       0x7c ./sdmmc/src/fsl_sdmmc_common.o
                0x000025a0                SDMMC_SetBlockSize
 .text.SDMMC_SwitchVoltage
                0x0000261c       0xb4 ./sdmmc/src/fsl_sdmmc_common.o
                0x0000261c                SDMMC_SwitchVoltage
 .text.__NVIC_SetPriority
                0x000026d0       0x54 ./sdmmc/port/fsl_sdmmc_event.o
 .text.SysTick_Config
                0x00002724       0x44 ./sdmmc/port/fsl_sdmmc_event.o
 .text.SDMMCEVENT_InitTimer
                0x00002768       0x24 ./sdmmc/port/fsl_sdmmc_event.o
                0x00002768                SDMMCEVENT_InitTimer
 .text.SysTick_Handler
                0x0000278c       0x1c ./sdmmc/port/fsl_sdmmc_event.o
                0x0000278c                SysTick_Handler
 .text.SDMMCEVENT_GetInstance
                0x000027a8       0x40 ./sdmmc/port/fsl_sdmmc_event.o
 .text.SDMMCEVENT_Wait
                0x000027e8       0x68 ./sdmmc/port/fsl_sdmmc_event.o
                0x000027e8                SDMMCEVENT_Wait
 .text.SDMMCEVENT_Delay
                0x00002850       0x38 ./sdmmc/port/fsl_sdmmc_event.o
                0x00002850                SDMMCEVENT_Delay
 .text.__NVIC_EnableIRQ
                0x00002888       0x3c ./sdmmc/port/fsl_sdmmc_host.o
 .text.__NVIC_SetPriority
                0x000028c4       0x54 ./sdmmc/port/fsl_sdmmc_host.o
 .text.SDMMCHOST_DetectCardByGpio
                0x00002918       0x6c ./sdmmc/port/fsl_sdmmc_host.o
 .text.SDMMCHOST_DetectCardInsertByHost
                0x00002984       0x48 ./sdmmc/port/fsl_sdmmc_host.o
 .text.SDMMCHOST_DetectCardRemoveByHost
                0x000029cc       0x38 ./sdmmc/port/fsl_sdmmc_host.o
 .text.SDMMCHOST_TransferCompleteCallback
                0x00002a04       0x34 ./sdmmc/port/fsl_sdmmc_host.o
 .text.SDMMCHOST_TransferFunction
                0x00002a38       0x7c ./sdmmc/port/fsl_sdmmc_host.o
 .text.SDMMCHOST_CardDetectInit
                0x00002ab4       0x88 ./sdmmc/port/fsl_sdmmc_host.o
 .text.PORTE_IRQHandler
                0x00002b3c       0x38 ./sdmmc/port/fsl_sdmmc_host.o
                0x00002b3c                PORTE_IRQHandler
 .text.SDMMCHOST_WaitCardDetectStatus
                0x00002b74       0x60 ./sdmmc/port/fsl_sdmmc_host.o
                0x00002b74                SDMMCHOST_WaitCardDetectStatus
 .text.SDMMCHOST_Init
                0x00002bd4       0xb4 ./sdmmc/port/fsl_sdmmc_host.o
                0x00002bd4                SDMMCHOST_Init
 .text.xmp3fixpt_AllocateBuffers
                0x00002c88       0xf4 ./helix/real/buffers.o
                0x00002c88                xmp3fixpt_AllocateBuffers
 .text.create_name
                0x00002d7c      0x200 ./fatfs/fatfs_source/ff.o
 .text.get_ldnumber
                0x00002f7c       0x98 ./fatfs/fatfs_source/ff.o
 .text.check_fs
                0x00003014       0xac ./fatfs/fatfs_source/ff.o
 .text.find_volume
                0x000030c0      0x4b8 ./fatfs/fatfs_source/ff.o
 .text.f_mount  0x00003578       0x80 ./fatfs/fatfs_source/ff.o
                0x00003578                f_mount
 .text.f_open   0x000035f8      0x304 ./fatfs/fatfs_source/ff.o
                0x000035f8                f_open
 .text.f_chdrive
                0x000038fc       0x34 ./fatfs/fatfs_source/ff.o
                0x000038fc                f_chdrive
 .text.sd_disk_write
                0x00003930       0x44 ./fatfs/fatfs_source/fsl_sd_disk.o
                0x00003930                sd_disk_write
 .text.sd_disk_read
                0x00003974       0x44 ./fatfs/fatfs_source/fsl_sd_disk.o
                0x00003974                sd_disk_read
 .text.sd_disk_initialize
                0x000039b8       0x58 ./fatfs/fatfs_source/fsl_sd_disk.o
                0x000039b8                sd_disk_initialize
 .text.CLOCK_SetEr32kClock
                0x00003a10       0x30 ./drivers/fsl_clock.o
 .text.CLOCK_SetPllFllSelClock
                0x00003a40       0x3c ./drivers/fsl_clock.o
 .text.CLOCK_GetMcgExtClkFreq
                0x00003a7c       0x78 ./drivers/fsl_clock.o
 .text.CLOCK_GetFllExtRefClkFreq
                0x00003af4       0xd0 ./drivers/fsl_clock.o
 .text.CLOCK_GetInternalRefClkSelectFreq
                0x00003bc4       0x44 ./drivers/fsl_clock.o
 .text.CLOCK_GetFllRefClkFreq
                0x00003c08       0x2c ./drivers/fsl_clock.o
 .text.CLOCK_GetOscRangeFromFreq
                0x00003c34       0x3c ./drivers/fsl_clock.o
 .text.CLOCK_GetOsc0ErClkFreq
                0x00003c70       0x38 ./drivers/fsl_clock.o
                0x00003c70                CLOCK_GetOsc0ErClkFreq
 .text.CLOCK_GetEr32kClkFreq
                0x00003ca8       0x70 ./drivers/fsl_clock.o
                0x00003ca8                CLOCK_GetEr32kClkFreq
 .text.CLOCK_GetPllFllSelClkFreq
                0x00003d18       0x54 ./drivers/fsl_clock.o
                0x00003d18                CLOCK_GetPllFllSelClkFreq
 .text.CLOCK_GetCoreSysClkFreq
                0x00003d6c       0x28 ./drivers/fsl_clock.o
                0x00003d6c                CLOCK_GetCoreSysClkFreq
 .text.CLOCK_GetFreq
                0x00003d94      0x148 ./drivers/fsl_clock.o
                0x00003d94                CLOCK_GetFreq
 .text.CLOCK_SetSimConfig
                0x00003edc       0x38 ./drivers/fsl_clock.o
                0x00003edc                CLOCK_SetSimConfig
 .text.CLOCK_GetOutClkFreq
                0x00003f14       0x64 ./drivers/fsl_clock.o
                0x00003f14                CLOCK_GetOutClkFreq
 .text.CLOCK_GetFllFreq
                0x00003f78       0x7c ./drivers/fsl_clock.o
                0x00003f78                CLOCK_GetFllFreq
 .text.CLOCK_GetInternalRefClkFreq
                0x00003ff4       0x24 ./drivers/fsl_clock.o
                0x00003ff4                CLOCK_GetInternalRefClkFreq
 .text.CLOCK_GetPll0Freq
                0x00004018       0x68 ./drivers/fsl_clock.o
                0x00004018                CLOCK_GetPll0Freq
 .text.CLOCK_SetExternalRefClkConfig
                0x00004080       0x6c ./drivers/fsl_clock.o
                0x00004080                CLOCK_SetExternalRefClkConfig
 .text.CLOCK_SetInternalRefClkConfig
                0x000040ec      0x104 ./drivers/fsl_clock.o
                0x000040ec                CLOCK_SetInternalRefClkConfig
 .text.CLOCK_EnablePll0
                0x000041f0       0x84 ./drivers/fsl_clock.o
                0x000041f0                CLOCK_EnablePll0
 .text.CLOCK_InitOsc0
                0x00004274       0x8c ./drivers/fsl_clock.o
                0x00004274                CLOCK_InitOsc0
 .text.CLOCK_SetPbeMode
                0x00004300       0xa8 ./drivers/fsl_clock.o
                0x00004300                CLOCK_SetPbeMode
 .text.CLOCK_BootToPeeMode
                0x000043a8       0x64 ./drivers/fsl_clock.o
                0x000043a8                CLOCK_BootToPeeMode
 .text.DSPI_CommonIRQHandler
                0x0000440c       0x40 ./drivers/fsl_dspi.o
 .text.SPI0_DriverIRQHandler
                0x0000444c       0x30 ./drivers/fsl_dspi.o
                0x0000444c                SPI0_DriverIRQHandler
 .text.SPI1_DriverIRQHandler
                0x0000447c       0x30 ./drivers/fsl_dspi.o
                0x0000447c                SPI1_DriverIRQHandler
 .text.SPI2_DriverIRQHandler
                0x000044ac       0x30 ./drivers/fsl_dspi.o
                0x000044ac                SPI2_DriverIRQHandler
 .text.__NVIC_EnableIRQ
                0x000044dc       0x3c ./drivers/fsl_sdhc.o
 .text.__NVIC_DisableIRQ
                0x00004518       0x44 ./drivers/fsl_sdhc.o
 .text.SDHC_GetCommandResponse
                0x0000455c       0x2c ./drivers/fsl_sdhc.o
 .text.SDHC_GetInstance
                0x00004588       0x40 ./drivers/fsl_sdhc.o
 .text.SDHC_SetTransferInterrupt
                0x000045c8       0x74 ./drivers/fsl_sdhc.o
 .text.SDHC_StartTransfer
                0x0000463c      0x14c ./drivers/fsl_sdhc.o
 .text.SDHC_TransferHandleCommand
                0x00004788       0x80 ./drivers/fsl_sdhc.o
 .text.SDHC_TransferHandleData
                0x00004808       0xc4 ./drivers/fsl_sdhc.o
 .text.SDHC_Init
                0x000048cc      0x108 ./drivers/fsl_sdhc.o
                0x000048cc                SDHC_Init
 .text.SDHC_GetCapability
                0x000049d4       0x78 ./drivers/fsl_sdhc.o
                0x000049d4                SDHC_GetCapability
 .text.SDHC_SetSdClock
                0x00004a4c      0x17c ./drivers/fsl_sdhc.o
                0x00004a4c                SDHC_SetSdClock
 .text.SDHC_SetTransferConfig
                0x00004bc8       0x8c ./drivers/fsl_sdhc.o
                0x00004bc8                SDHC_SetTransferConfig
 .text.SDHC_SetAdmaTableConfig
                0x00004c54      0x174 ./drivers/fsl_sdhc.o
                0x00004c54                SDHC_SetAdmaTableConfig
 .text.SDHC_TransferCreateHandle
                0x00004dc8       0xa8 ./drivers/fsl_sdhc.o
                0x00004dc8                SDHC_TransferCreateHandle
 .text.SDHC_TransferNonBlocking
                0x00004e70      0x114 ./drivers/fsl_sdhc.o
                0x00004e70                SDHC_TransferNonBlocking
 .text.SDHC_TransferHandleIRQ
                0x00004f84       0xb4 ./drivers/fsl_sdhc.o
                0x00004f84                SDHC_TransferHandleIRQ
 .text.SDHC_DriverIRQHandler
                0x00005038       0x38 ./drivers/fsl_sdhc.o
                0x00005038                SDHC_DriverIRQHandler
 .text.UART_GetInstance
                0x00005070       0x54 ./drivers/fsl_uart.o
                0x00005070                UART_GetInstance
 .text.UART_Init
                0x000050c4      0x2d8 ./drivers/fsl_uart.o
                0x000050c4                UART_Init
 .text.UART_GetDefaultConfig
                0x0000539c       0x60 ./drivers/fsl_uart.o
                0x0000539c                UART_GetDefaultConfig
 .text.UART0_DriverIRQHandler
                0x000053fc       0x28 ./drivers/fsl_uart.o
                0x000053fc                UART0_DriverIRQHandler
 .text.UART1_DriverIRQHandler
                0x00005424       0x28 ./drivers/fsl_uart.o
                0x00005424                UART1_DriverIRQHandler
 .text.UART2_DriverIRQHandler
                0x0000544c       0x28 ./drivers/fsl_uart.o
                0x0000544c                UART2_DriverIRQHandler
 .text.UART3_DriverIRQHandler
                0x00005474       0x28 ./drivers/fsl_uart.o
                0x00005474                UART3_DriverIRQHandler
 .text.UART4_DriverIRQHandler
                0x0000549c       0x28 ./drivers/fsl_uart.o
                0x0000549c                UART4_DriverIRQHandler
 .text.UART5_DriverIRQHandler
                0x000054c4       0x28 ./drivers/fsl_uart.o
                0x000054c4                UART5_DriverIRQHandler
 .text.BOARD_InitDebugConsole
                0x000054ec       0x28 ./board/src/board.o
                0x000054ec                BOARD_InitDebugConsole
 .text.CLOCK_SetSimSafeDivs
                0x00005514       0x20 ./board/src/clock_config.o
 .text.CLOCK_SetXtal0Freq
                0x00005534       0x20 ./board/src/clock_config.o
 .text.CLOCK_CONFIG_SetFllExtRefDiv
                0x00005554       0x3c ./board/src/clock_config.o
 .text.BOARD_BootClockRUN
                0x00005590       0x60 ./board/src/clock_config.o
                0x00005590                BOARD_BootClockRUN
 .text.PORT_SetPinConfig
                0x000055f0       0x38 ./board/pin_mux.o
 .text.BOARD_InitPins
                0x00005628      0x188 ./board/pin_mux.o
                0x00005628                BOARD_InitPins
 .text.SystemInit
                0x000057b0       0x3c ./CMSIS/system_MK64F12.o
                0x000057b0                SystemInit
 .text.__assertion_failed
                0x000057ec       0x4c c:/nxp/mcuxpressoide_10.2.0_759/ide/tools/bin/../lib/gcc/arm-none-eabi/7.2.1/../../../../arm-none-eabi/lib/thumb/v7e-m/fpv4-sp/hard\libcr_semihost_nf.a(_cr_assert.o)
                0x000057ec                __assertion_failed
 .text.__sys_appexit
                0x00005838        0xc c:/nxp/mcuxpressoide_10.2.0_759/ide/tools/bin/../lib/gcc/arm-none-eabi/7.2.1/../../../../arm-none-eabi/lib/thumb/v7e-m/fpv4-sp/hard\libcr_semihost_nf.a(__sys_appexit.o)
                0x00005838                __sys_appexit
                0x00005838                __exit
 .text._Cwritebuf
                0x00005844       0x6c c:/nxp/mcuxpressoide_10.2.0_759/ide/tools/bin/../lib/gcc/arm-none-eabi/7.2.1/../../../../arm-none-eabi/lib/thumb/v7e-m/fpv4-sp/hard\libcr_c.a(_writebuf.o)
                0x00005844                _Cwritebuf
 .text.malloc   0x000058b0       0xc8 c:/nxp/mcuxpressoide_10.2.0_759/ide/tools/bin/../lib/gcc/arm-none-eabi/7.2.1/../../../../arm-none-eabi/lib/thumb/v7e-m/fpv4-sp/hard\libcr_c.a(alloc.o)
                0x000058b0                malloc
 .text._Csys_alloc
                0x00005978       0x20 c:/nxp/mcuxpressoide_10.2.0_759/ide/tools/bin/../lib/gcc/arm-none-eabi/7.2.1/../../../../arm-none-eabi/lib/thumb/v7e-m/fpv4-sp/hard\libcr_c.a(alloc.o)
                0x00005978                _Csys_alloc
 .text.fseek    0x00005998      0x100 c:/nxp/mcuxpressoide_10.2.0_759/ide/tools/bin/../lib/gcc/arm-none-eabi/7.2.1/../../../../arm-none-eabi/lib/thumb/v7e-m/fpv4-sp/hard\libcr_c.a(fseek.o)
                0x00005998                fseek
 .text.ftell    0x00005a98       0x44 c:/nxp/mcuxpressoide_10.2.0_759/ide/tools/bin/../lib/gcc/arm-none-eabi/7.2.1/../../../../arm-none-eabi/lib/thumb/v7e-m/fpv4-sp/hard\libcr_c.a(ftell.o)
                0x00005a98                ftell
 .text._initio  0x00005adc       0x78 c:/nxp/mcuxpressoide_10.2.0_759/ide/tools/bin/../lib/gcc/arm-none-eabi/7.2.1/../../../../arm-none-eabi/lib/thumb/v7e-m/fpv4-sp/hard\libcr_c.a(initio.o)
                0x00005adc                _initio
 .text.__vfprintf
                0x00005b54      0xb98 c:/nxp/mcuxpressoide_10.2.0_759/ide/tools/bin/../lib/gcc/arm-none-eabi/7.2.1/../../../../arm-none-eabi/lib/thumb/v7e-m/fpv4-sp/hard\libcr_c.a(printf.o)
                0x00005b54                __vfprintf
 .text._vsnprintf
                0x000066ec       0x5c c:/nxp/mcuxpressoide_10.2.0_759/ide/tools/bin/../lib/gcc/arm-none-eabi/7.2.1/../../../../arm-none-eabi/lib/thumb/v7e-m/fpv4-sp/hard\libcr_c.a(printf.o)
                0x000066ec                _vsnprintf
 .text._printf  0x00006748       0x54 c:/nxp/mcuxpressoide_10.2.0_759/ide/tools/bin/../lib/gcc/arm-none-eabi/7.2.1/../../../../arm-none-eabi/lib/thumb/v7e-m/fpv4-sp/hard\libcr_c.a(printf.o)
                0x00006748                _printf
 .text.setvbuf  0x0000679c       0x40 c:/nxp/mcuxpressoide_10.2.0_759/ide/tools/bin/../lib/gcc/arm-none-eabi/7.2.1/../../../../arm-none-eabi/lib/thumb/v7e-m/fpv4-sp/hard\libcr_c.a(setvbuf.o)
                0x0000679c                setvbuf
 .text._sbrk    0x000067dc       0x3c c:/nxp/mcuxpressoide_10.2.0_759/ide/tools/bin/../lib/gcc/arm-none-eabi/7.2.1/../../../../arm-none-eabi/lib/thumb/v7e-m/fpv4-sp/hard\libcr_c.a(_cr_sbrk.o)
                0x000067dc                _sbrk
 .text.fflush   0x00006818       0x44 c:/nxp/mcuxpressoide_10.2.0_759/ide/tools/bin/../lib/gcc/arm-none-eabi/7.2.1/../../../../arm-none-eabi/lib/thumb/v7e-m/fpv4-sp/hard\libcr_c.a(fflush.o)
                0x00006818                fflush
 .text.__check_heap_overflow
                0x0000685c       0x18 c:/nxp/mcuxpressoide_10.2.0_759/ide/tools/bin/../lib/gcc/arm-none-eabi/7.2.1/../../../../arm-none-eabi/lib/thumb/v7e-m/fpv4-sp/hard\libcr_c.a(_cr_check_heap.o)
                0x0000685c                __check_heap_overflow
 .text.UART_EnableTx
                0x00006874       0x40 ./utilities/fsl_io.o
 .text.UART_EnableRx
                0x000068b4       0x40 ./utilities/fsl_io.o
 .text.LOG_Init
                0x000068f4       0x30 ./utilities/fsl_log.o
                0x000068f4                LOG_Init
 .text.DMA0_IRQHandler
                0x00006924        0x8 ./startup/startup_mk64f12.o
                0x00006924                DMA0_IRQHandler
 .text.DMA1_IRQHandler
                0x0000692c        0x8 ./startup/startup_mk64f12.o
                0x0000692c                DMA1_IRQHandler
 .text.DMA2_IRQHandler
                0x00006934        0x8 ./startup/startup_mk64f12.o
                0x00006934                DMA2_IRQHandler
 .text.DMA3_IRQHandler
                0x0000693c        0x8 ./startup/startup_mk64f12.o
                0x0000693c                DMA3_IRQHandler
 .text.DMA4_IRQHandler
                0x00006944        0x8 ./startup/startup_mk64f12.o
                0x00006944                DMA4_IRQHandler
 .text.DMA5_IRQHandler
                0x0000694c        0x8 ./startup/startup_mk64f12.o
                0x0000694c                DMA5_IRQHandler
 .text.DMA6_IRQHandler
                0x00006954        0x8 ./startup/startup_mk64f12.o
                0x00006954                DMA6_IRQHandler
 .text.DMA7_IRQHandler
                0x0000695c        0x8 ./startup/startup_mk64f12.o
                0x0000695c                DMA7_IRQHandler
 .text.DMA8_IRQHandler
                0x00006964        0x8 ./startup/startup_mk64f12.o
                0x00006964                DMA8_IRQHandler
 .text.DMA9_IRQHandler
                0x0000696c        0x8 ./startup/startup_mk64f12.o
                0x0000696c                DMA9_IRQHandler
 .text.DMA10_IRQHandler
                0x00006974        0x8 ./startup/startup_mk64f12.o
                0x00006974                DMA10_IRQHandler
 .text.DMA11_IRQHandler
                0x0000697c        0x8 ./startup/startup_mk64f12.o
                0x0000697c                DMA11_IRQHandler
 .text.DMA12_IRQHandler
                0x00006984        0x8 ./startup/startup_mk64f12.o
                0x00006984                DMA12_IRQHandler
 .text.DMA13_IRQHandler
                0x0000698c        0x8 ./startup/startup_mk64f12.o
                0x0000698c                DMA13_IRQHandler
 .text.DMA14_IRQHandler
                0x00006994        0x8 ./startup/startup_mk64f12.o
                0x00006994                DMA14_IRQHandler
 .text.DMA15_IRQHandler
                0x0000699c        0x8 ./startup/startup_mk64f12.o
                0x0000699c                DMA15_IRQHandler
 .text.DMA_Error_IRQHandler
                0x000069a4        0x8 ./startup/startup_mk64f12.o
                0x000069a4                DMA_Error_IRQHandler
 .text.MCM_IRQHandler
                0x000069ac        0x8 ./startup/startup_mk64f12.o
                0x000069ac                MCM_IRQHandler
 .text.FTFE_IRQHandler
                0x000069b4        0x8 ./startup/startup_mk64f12.o
                0x000069b4                FTFE_IRQHandler
 .text.Read_Collision_IRQHandler
                0x000069bc        0x8 ./startup/startup_mk64f12.o
                0x000069bc                Read_Collision_IRQHandler
 .text.LVD_LVW_IRQHandler
                0x000069c4        0x8 ./startup/startup_mk64f12.o
                0x000069c4                LVD_LVW_IRQHandler
 .text.LLWU_IRQHandler
                0x000069cc        0x8 ./startup/startup_mk64f12.o
                0x000069cc                LLWU_IRQHandler
 .text.WDOG_EWM_IRQHandler
                0x000069d4        0x8 ./startup/startup_mk64f12.o
                0x000069d4                WDOG_EWM_IRQHandler
 .text.RNG_IRQHandler
                0x000069dc        0x8 ./startup/startup_mk64f12.o
                0x000069dc                RNG_IRQHandler
 .text.I2C0_IRQHandler
                0x000069e4        0x8 ./startup/startup_mk64f12.o
                0x000069e4                I2C0_IRQHandler
 .text.I2C1_IRQHandler
                0x000069ec        0x8 ./startup/startup_mk64f12.o
                0x000069ec                I2C1_IRQHandler
 .text.SPI0_IRQHandler
                0x000069f4        0x8 ./startup/startup_mk64f12.o
                0x000069f4                SPI0_IRQHandler
 .text.SPI1_IRQHandler
                0x000069fc        0x8 ./startup/startup_mk64f12.o
                0x000069fc                SPI1_IRQHandler
 .text.I2S0_Tx_IRQHandler
                0x00006a04        0x8 ./startup/startup_mk64f12.o
                0x00006a04                I2S0_Tx_IRQHandler
 .text.I2S0_Rx_IRQHandler
                0x00006a0c        0x8 ./startup/startup_mk64f12.o
                0x00006a0c                I2S0_Rx_IRQHandler
 .text.UART0_LON_IRQHandler
                0x00006a14        0x8 ./startup/startup_mk64f12.o
                0x00006a14                UART0_LON_IRQHandler
 .text.UART0_RX_TX_IRQHandler
                0x00006a1c        0x8 ./startup/startup_mk64f12.o
                0x00006a1c                UART0_RX_TX_IRQHandler
 .text.UART0_ERR_IRQHandler
                0x00006a24        0x8 ./startup/startup_mk64f12.o
                0x00006a24                UART0_ERR_IRQHandler
 .text.UART1_RX_TX_IRQHandler
                0x00006a2c        0x8 ./startup/startup_mk64f12.o
                0x00006a2c                UART1_RX_TX_IRQHandler
 .text.UART1_ERR_IRQHandler
                0x00006a34        0x8 ./startup/startup_mk64f12.o
                0x00006a34                UART1_ERR_IRQHandler
 .text.UART2_RX_TX_IRQHandler
                0x00006a3c        0x8 ./startup/startup_mk64f12.o
                0x00006a3c                UART2_RX_TX_IRQHandler
 .text.UART2_ERR_IRQHandler
                0x00006a44        0x8 ./startup/startup_mk64f12.o
                0x00006a44                UART2_ERR_IRQHandler
 .text.UART3_RX_TX_IRQHandler
                0x00006a4c        0x8 ./startup/startup_mk64f12.o
                0x00006a4c                UART3_RX_TX_IRQHandler
 .text.UART3_ERR_IRQHandler
                0x00006a54        0x8 ./startup/startup_mk64f12.o
                0x00006a54                UART3_ERR_IRQHandler
 .text.ADC0_IRQHandler
                0x00006a5c        0x8 ./startup/startup_mk64f12.o
                0x00006a5c                ADC0_IRQHandler
 .text.CMP0_IRQHandler
                0x00006a64        0x8 ./startup/startup_mk64f12.o
                0x00006a64                CMP0_IRQHandler
 .text.CMP1_IRQHandler
                0x00006a6c        0x8 ./startup/startup_mk64f12.o
                0x00006a6c                CMP1_IRQHandler
 .text.FTM0_IRQHandler
                0x00006a74        0x8 ./startup/startup_mk64f12.o
                0x00006a74                FTM0_IRQHandler
 .text.FTM1_IRQHandler
                0x00006a7c        0x8 ./startup/startup_mk64f12.o
                0x00006a7c                FTM1_IRQHandler
 .text.FTM2_IRQHandler
                0x00006a84        0x8 ./startup/startup_mk64f12.o
                0x00006a84                FTM2_IRQHandler
 .text.CMT_IRQHandler
                0x00006a8c        0x8 ./startup/startup_mk64f12.o
                0x00006a8c                CMT_IRQHandler
 .text.RTC_IRQHandler
                0x00006a94        0x8 ./startup/startup_mk64f12.o
                0x00006a94                RTC_IRQHandler
 .text.RTC_Seconds_IRQHandler
                0x00006a9c        0x8 ./startup/startup_mk64f12.o
                0x00006a9c                RTC_Seconds_IRQHandler
 .text.PIT0_IRQHandler
                0x00006aa4        0x8 ./startup/startup_mk64f12.o
                0x00006aa4                PIT0_IRQHandler
 .text.PIT1_IRQHandler
                0x00006aac        0x8 ./startup/startup_mk64f12.o
                0x00006aac                PIT1_IRQHandler
 .text.PIT2_IRQHandler
                0x00006ab4        0x8 ./startup/startup_mk64f12.o
                0x00006ab4                PIT2_IRQHandler
 .text.PIT3_IRQHandler
                0x00006abc        0x8 ./startup/startup_mk64f12.o
                0x00006abc                PIT3_IRQHandler
 .text.PDB0_IRQHandler
                0x00006ac4        0x8 ./startup/startup_mk64f12.o
                0x00006ac4                PDB0_IRQHandler
 .text.USB0_IRQHandler
                0x00006acc        0x8 ./startup/startup_mk64f12.o
                0x00006acc                USB0_IRQHandler
 .text.USBDCD_IRQHandler
                0x00006ad4        0x8 ./startup/startup_mk64f12.o
                0x00006ad4                USBDCD_IRQHandler
 .text.Reserved71_IRQHandler
                0x00006adc        0x8 ./startup/startup_mk64f12.o
                0x00006adc                Reserved71_IRQHandler
 .text.DAC0_IRQHandler
                0x00006ae4        0x8 ./startup/startup_mk64f12.o
                0x00006ae4                DAC0_IRQHandler
 .text.MCG_IRQHandler
                0x00006aec        0x8 ./startup/startup_mk64f12.o
                0x00006aec                MCG_IRQHandler
 .text.LPTMR0_IRQHandler
                0x00006af4        0x8 ./startup/startup_mk64f12.o
                0x00006af4                LPTMR0_IRQHandler
 .text.PORTA_IRQHandler
                0x00006afc        0x8 ./startup/startup_mk64f12.o
                0x00006afc                PORTA_IRQHandler
 .text.PORTB_IRQHandler
                0x00006b04        0x8 ./startup/startup_mk64f12.o
                0x00006b04                PORTB_IRQHandler
 .text.PORTC_IRQHandler
                0x00006b0c        0x8 ./startup/startup_mk64f12.o
                0x00006b0c                PORTC_IRQHandler
 .text.PORTD_IRQHandler
                0x00006b14        0x8 ./startup/startup_mk64f12.o
                0x00006b14                PORTD_IRQHandler
 .text.SWI_IRQHandler
                0x00006b1c        0x8 ./startup/startup_mk64f12.o
                0x00006b1c                SWI_IRQHandler
 .text.SPI2_IRQHandler
                0x00006b24        0x8 ./startup/startup_mk64f12.o
                0x00006b24                SPI2_IRQHandler
 .text.UART4_RX_TX_IRQHandler
                0x00006b2c        0x8 ./startup/startup_mk64f12.o
                0x00006b2c                UART4_RX_TX_IRQHandler
 .text.UART4_ERR_IRQHandler
                0x00006b34        0x8 ./startup/startup_mk64f12.o
                0x00006b34                UART4_ERR_IRQHandler
 .text.UART5_RX_TX_IRQHandler
                0x00006b3c        0x8 ./startup/startup_mk64f12.o
                0x00006b3c                UART5_RX_TX_IRQHandler
 .text.UART5_ERR_IRQHandler
                0x00006b44        0x8 ./startup/startup_mk64f12.o
                0x00006b44                UART5_ERR_IRQHandler
 .text.CMP2_IRQHandler
                0x00006b4c        0x8 ./startup/startup_mk64f12.o
                0x00006b4c                CMP2_IRQHandler
 .text.FTM3_IRQHandler
                0x00006b54        0x8 ./startup/startup_mk64f12.o
                0x00006b54                FTM3_IRQHandler
 .text.DAC1_IRQHandler
                0x00006b5c        0x8 ./startup/startup_mk64f12.o
                0x00006b5c                DAC1_IRQHandler
 .text.ADC1_IRQHandler
                0x00006b64        0x8 ./startup/startup_mk64f12.o
                0x00006b64                ADC1_IRQHandler
 .text.I2C2_IRQHandler
                0x00006b6c        0x8 ./startup/startup_mk64f12.o
                0x00006b6c                I2C2_IRQHandler
 .text.CAN0_ORed_Message_buffer_IRQHandler
                0x00006b74        0x8 ./startup/startup_mk64f12.o
                0x00006b74                CAN0_ORed_Message_buffer_IRQHandler
 .text.CAN0_Bus_Off_IRQHandler
                0x00006b7c        0x8 ./startup/startup_mk64f12.o
                0x00006b7c                CAN0_Bus_Off_IRQHandler
 .text.CAN0_Error_IRQHandler
                0x00006b84        0x8 ./startup/startup_mk64f12.o
                0x00006b84                CAN0_Error_IRQHandler
 .text.CAN0_Tx_Warning_IRQHandler
                0x00006b8c        0x8 ./startup/startup_mk64f12.o
                0x00006b8c                CAN0_Tx_Warning_IRQHandler
 .text.CAN0_Rx_Warning_IRQHandler
                0x00006b94        0x8 ./startup/startup_mk64f12.o
                0x00006b94                CAN0_Rx_Warning_IRQHandler
 .text.CAN0_Wake_Up_IRQHandler
                0x00006b9c        0x8 ./startup/startup_mk64f12.o
                0x00006b9c                CAN0_Wake_Up_IRQHandler
 .text.SDHC_IRQHandler
                0x00006ba4        0x8 ./startup/startup_mk64f12.o
                0x00006ba4                SDHC_IRQHandler
 .text.ENET_1588_Timer_IRQHandler
                0x00006bac        0x8 ./startup/startup_mk64f12.o
                0x00006bac                ENET_1588_Timer_IRQHandler
 .text.ENET_Transmit_IRQHandler
                0x00006bb4        0x8 ./startup/startup_mk64f12.o
                0x00006bb4                ENET_Transmit_IRQHandler
 .text.ENET_Receive_IRQHandler
                0x00006bbc        0x8 ./startup/startup_mk64f12.o
                0x00006bbc                ENET_Receive_IRQHandler
 .text.ENET_Error_IRQHandler
                0x00006bc4        0x8 ./startup/startup_mk64f12.o
                0x00006bc4                ENET_Error_IRQHandler
 .text.SYSMPU_Enable
                0x00006bcc       0x38 ./source/fatfs_sdcard.o
 .text.Mp3ReadId3V2Text
                0x00006c04       0xfe ./source/fatfs_sdcard.o
 .text.HardFault_Handler
                0x00006d02       0x2c ./source/semihost_hardfault.o
                0x00006d02                HardFault_Handler
 .text.SDHC_GetPresentStatusFlags
                0x00006d2e       0x18 ./sdmmc/src/fsl_sd.o
 .text.SDHC_SetDataBusWidth
                0x00006d46       0x2e ./sdmmc/src/fsl_sd.o
 .text.SD_HostReset
                0x00006d74       0x1a ./sdmmc/src/fsl_sd.o
                0x00006d74                SD_HostReset
 .text.SD_PowerOnCard
                0x00006d8e       0x1a ./sdmmc/src/fsl_sd.o
                0x00006d8e                SD_PowerOnCard
 .text.SD_PowerOffCard
                0x00006da8       0x1a ./sdmmc/src/fsl_sd.o
                0x00006da8                SD_PowerOffCard
 .text.SD_WaitCardDetectStatus
                0x00006dc2       0x24 ./sdmmc/src/fsl_sd.o
                0x00006dc2                SD_WaitCardDetectStatus
 .text.SDHC_GetPresentStatusFlags
                0x00006de6       0x18 ./sdmmc/src/fsl_sdmmc_common.o
 .text.SDHC_EnableSdClock
                0x00006dfe       0x38 ./sdmmc/src/fsl_sdmmc_common.o
 .text.SDMMC_ExecuteTuning
                0x00006e36       0xb0 ./sdmmc/src/fsl_sdmmc_common.o
                0x00006e36                SDMMC_ExecuteTuning
 .text.SDMMCEVENT_Create
                0x00006ee6       0x2e ./sdmmc/port/fsl_sdmmc_event.o
                0x00006ee6                SDMMCEVENT_Create
 .text.SDMMCEVENT_Notify
                0x00006f14       0x2e ./sdmmc/port/fsl_sdmmc_event.o
                0x00006f14                SDMMCEVENT_Notify
 .text.SDMMCEVENT_Delete
                0x00006f42       0x28 ./sdmmc/port/fsl_sdmmc_event.o
                0x00006f42                SDMMCEVENT_Delete
 .text.EnableIRQ
                0x00006f6a       0x2c ./sdmmc/port/fsl_sdmmc_host.o
 .text.GPIO_PinRead
                0x00006f96       0x24 ./sdmmc/port/fsl_sdmmc_host.o
 .text.GPIO_ReadPinInput
                0x00006fba       0x1c ./sdmmc/port/fsl_sdmmc_host.o
 .text.SDHC_EnableInterruptStatus
                0x00006fd6       0x22 ./sdmmc/port/fsl_sdmmc_host.o
 .text.SDHC_EnableInterruptSignal
                0x00006ff8       0x22 ./sdmmc/port/fsl_sdmmc_host.o
 .text.SDHC_DisableInterruptSignal
                0x0000701a       0x24 ./sdmmc/port/fsl_sdmmc_host.o
 .text.SDHC_GetPresentStatusFlags
                0x0000703e       0x18 ./sdmmc/port/fsl_sdmmc_host.o
 .text.SDHC_CardDetectByData3
                0x00007056       0x38 ./sdmmc/port/fsl_sdmmc_host.o
 .text.PORT_SetPinInterruptConfig
                0x0000708e       0x3a ./sdmmc/port/fsl_sdmmc_host.o
 .text.PORT_GetPinsInterruptFlags
                0x000070c8       0x1a ./sdmmc/port/fsl_sdmmc_host.o
 .text.PORT_ClearPinsInterruptFlags
                0x000070e2       0x1e ./sdmmc/port/fsl_sdmmc_host.o
 .text.SDMMCHOST_ErrorRecovery
                0x00007100       0x48 ./sdmmc/port/fsl_sdmmc_host.o
                0x00007100                SDMMCHOST_ErrorRecovery
 .text.SDMMCHOST_Delay
                0x00007148       0x16 ./sdmmc/port/fsl_sdmmc_host.o
                0x00007148                SDMMCHOST_Delay
 .text.SDMMCHOST_PowerOffCard
                0x0000715e       0x28 ./sdmmc/port/fsl_sdmmc_host.o
                0x0000715e                SDMMCHOST_PowerOffCard
 .text.SDMMCHOST_PowerOnCard
                0x00007186       0x32 ./sdmmc/port/fsl_sdmmc_host.o
                0x00007186                SDMMCHOST_PowerOnCard
 .text.SDMMCHOST_Reset
                0x000071b8       0x14 ./sdmmc/port/fsl_sdmmc_host.o
                0x000071b8                SDMMCHOST_Reset
 .text.ClearBuffer
                0x000071cc       0x38 ./helix/real/buffers.o
 .text.xmp3fixpt_FreeBuffers
                0x00007204       0x16 ./helix/real/buffers.o
                0x00007204                xmp3fixpt_FreeBuffers
 .text.MP3InitDecoder
                0x0000721a       0x16 ./helix/mp3dec.o
                0x0000721a                MP3InitDecoder
 .text.disk_status
                0x00007230       0x2c ./fatfs/fatfs_source/diskio.o
                0x00007230                disk_status
 .text.disk_initialize
                0x0000725c       0x2c ./fatfs/fatfs_source/diskio.o
                0x0000725c                disk_initialize
 .text.disk_read
                0x00007288       0x38 ./fatfs/fatfs_source/diskio.o
                0x00007288                disk_read
 .text.disk_write
                0x000072c0       0x38 ./fatfs/fatfs_source/diskio.o
                0x000072c0                disk_write
 .text.ld_word  0x000072f8       0x30 ./fatfs/fatfs_source/ff.o
 .text.ld_dword
                0x00007328       0x46 ./fatfs/fatfs_source/ff.o
 .text.st_word  0x0000736e       0x36 ./fatfs/fatfs_source/ff.o
 .text.st_dword
                0x000073a4       0x58 ./fatfs/fatfs_source/ff.o
 .text.mem_cpy  0x000073fc       0x42 ./fatfs/fatfs_source/ff.o
 .text.mem_set  0x0000743e       0x34 ./fatfs/fatfs_source/ff.o
 .text.mem_cmp  0x00007472       0x4e ./fatfs/fatfs_source/ff.o
 .text.chk_chr  0x000074c0       0x36 ./fatfs/fatfs_source/ff.o
 .text.dbc_1st  0x000074f6       0x40 ./fatfs/fatfs_source/ff.o
 .text.dbc_2nd  0x00007536       0x54 ./fatfs/fatfs_source/ff.o
 .text.sync_window
                0x0000758a       0x78 ./fatfs/fatfs_source/ff.o
 .text.move_window
                0x00007602       0x5a ./fatfs/fatfs_source/ff.o
 .text.clst2sect
                0x0000765c       0x3e ./fatfs/fatfs_source/ff.o
 .text.get_fat  0x0000769a      0x14a ./fatfs/fatfs_source/ff.o
 .text.put_fat  0x000077e4      0x1ce ./fatfs/fatfs_source/ff.o
 .text.remove_chain
                0x000079b2       0xca ./fatfs/fatfs_source/ff.o
 .text.create_chain
                0x00007a7c      0x1a2 ./fatfs/fatfs_source/ff.o
 .text.dir_clear
                0x00007c1e       0x94 ./fatfs/fatfs_source/ff.o
 .text.dir_sdi  0x00007cb2       0xf6 ./fatfs/fatfs_source/ff.o
 .text.dir_next
                0x00007da8      0x126 ./fatfs/fatfs_source/ff.o
 .text.dir_alloc
                0x00007ece       0x8e ./fatfs/fatfs_source/ff.o
 .text.ld_clust
                0x00007f5c       0x3e ./fatfs/fatfs_source/ff.o
 .text.st_clust
                0x00007f9a       0x40 ./fatfs/fatfs_source/ff.o
 .text.dir_read
                0x00007fda       0xba ./fatfs/fatfs_source/ff.o
 .text.dir_find
                0x00008094       0xaa ./fatfs/fatfs_source/ff.o
 .text.dir_register
                0x0000813e       0x64 ./fatfs/fatfs_source/ff.o
 .text.get_fileinfo
                0x000081a2       0xc6 ./fatfs/fatfs_source/ff.o
 .text.follow_path
                0x00008268      0x11c ./fatfs/fatfs_source/ff.o
 .text.validate
                0x00008384       0x6a ./fatfs/fatfs_source/ff.o
 .text.f_read   0x000083ee      0x266 ./fatfs/fatfs_source/ff.o
                0x000083ee                f_read
 .text.f_lseek  0x00008654      0x25a ./fatfs/fatfs_source/ff.o
                0x00008654                f_lseek
 .text.f_opendir
                0x000088ae       0xb2 ./fatfs/fatfs_source/ff.o
                0x000088ae                f_opendir
 .text.f_readdir
                0x00008960       0x7a ./fatfs/fatfs_source/ff.o
                0x00008960                f_readdir
 .text.sd_disk_status
                0x000089da       0x22 ./fatfs/fatfs_source/fsl_sd_disk.o
                0x000089da                sd_disk_status
 .text.OSC_SetExtRefClkConfig
                0x000089fc       0x34 ./drivers/fsl_clock.o
 .text.OSC_SetCapLoad
                0x00008a30       0x34 ./drivers/fsl_clock.o
 .text.CLOCK_GetPll0RefFreq
                0x00008a64        0xe ./drivers/fsl_clock.o
 .text.CLOCK_GetFixedFreqClkFreq
                0x00008a72       0x2e ./drivers/fsl_clock.o
                0x00008a72                CLOCK_GetFixedFreqClkFreq
 .text.DSPI_IsMaster
                0x00008aa0       0x1c ./drivers/fsl_dspi.o
 .text.CLOCK_EnableClock
                0x00008abc       0x34 ./drivers/fsl_sdhc.o
 .text.EnableIRQ
                0x00008af0       0x2c ./drivers/fsl_sdhc.o
 .text.DisableIRQ
                0x00008b1c       0x2c ./drivers/fsl_sdhc.o
 .text.SDHC_EnableInterruptStatus
                0x00008b48       0x22 ./drivers/fsl_sdhc.o
 .text.SDHC_DisableInterruptStatus
                0x00008b6a       0x24 ./drivers/fsl_sdhc.o
 .text.SDHC_EnableInterruptSignal
                0x00008b8e       0x22 ./drivers/fsl_sdhc.o
 .text.SDHC_DisableInterruptSignal
                0x00008bb0       0x24 ./drivers/fsl_sdhc.o
 .text.SDHC_GetInterruptStatusFlags
                0x00008bd4       0x18 ./drivers/fsl_sdhc.o
 .text.SDHC_ClearInterruptStatusFlags
                0x00008bec       0x1c ./drivers/fsl_sdhc.o
 .text.SDHC_GetPresentStatusFlags
                0x00008c08       0x18 ./drivers/fsl_sdhc.o
 .text.SDHC_WriteData
                0x00008c20       0x1c ./drivers/fsl_sdhc.o
 .text.SDHC_ReadData
                0x00008c3c       0x18 ./drivers/fsl_sdhc.o
 .text.SDHC_ReceiveCommandResponse
                0x00008c54       0xf8 ./drivers/fsl_sdhc.o
 .text.SDHC_ReadDataPort
                0x00008d4c       0xa4 ./drivers/fsl_sdhc.o
 .text.SDHC_WriteDataPort
                0x00008df0       0xa6 ./drivers/fsl_sdhc.o
 .text.SDHC_TransferHandleCardDetect
                0x00008e96       0x4c ./drivers/fsl_sdhc.o
 .text.SDHC_TransferHandleSdioInterrupt
                0x00008ee2       0x28 ./drivers/fsl_sdhc.o
 .text.SDHC_TransferHandleSdioBlockGap
                0x00008f0a       0x28 ./drivers/fsl_sdhc.o
 .text.SDHC_Reset
                0x00008f32       0x52 ./drivers/fsl_sdhc.o
                0x00008f32                SDHC_Reset
 .text.SDHC_SetCardActive
                0x00008f84       0x4c ./drivers/fsl_sdhc.o
                0x00008f84                SDHC_SetCardActive
 .text.CLOCK_EnableClock
                0x00008fd0       0x34 ./drivers/fsl_uart.o
 .text.UART0_RX_TX_DriverIRQHandler
                0x00009004       0x10 ./drivers/fsl_uart.o
                0x00009004                UART0_RX_TX_DriverIRQHandler
 .text.UART1_RX_TX_DriverIRQHandler
                0x00009014       0x10 ./drivers/fsl_uart.o
                0x00009014                UART1_RX_TX_DriverIRQHandler
 .text.UART2_RX_TX_DriverIRQHandler
                0x00009024       0x10 ./drivers/fsl_uart.o
                0x00009024                UART2_RX_TX_DriverIRQHandler
 .text.UART3_RX_TX_DriverIRQHandler
                0x00009034       0x10 ./drivers/fsl_uart.o
                0x00009034                UART3_RX_TX_DriverIRQHandler
 .text.UART4_RX_TX_DriverIRQHandler
                0x00009044       0x10 ./drivers/fsl_uart.o
                0x00009044                UART4_RX_TX_DriverIRQHandler
 .text.UART5_RX_TX_DriverIRQHandler
                0x00009054       0x10 ./drivers/fsl_uart.o
                0x00009054                UART5_RX_TX_DriverIRQHandler
 .text.CLOCK_EnableClock
                0x00009064       0x34 ./board/pin_mux.o
 .text.PORT_SetPinMux
                0x00009098       0x3a ./board/pin_mux.o
 .text.SystemInitHook
                0x000090d2        0xe ./CMSIS/system_MK64F12.o
                0x000090d2                SystemInitHook
 .text.__main   0x000090e0        0xe c:/nxp/mcuxpressoide_10.2.0_759/ide/tools/bin/../lib/gcc/arm-none-eabi/7.2.1/../../../../arm-none-eabi/lib/thumb/v7e-m/fpv4-sp/hard\libcr_semihost_nf.a(_cr__main.o)
                0x000090e0                __CR_SEMIHOST
                0x000090e0                __main
 .text.memcpy   0x000090ee        0x4 c:/nxp/mcuxpressoide_10.2.0_759/ide/tools/bin/../lib/gcc/arm-none-eabi/7.2.1/../../../../arm-none-eabi/lib/thumb/v7e-m/fpv4-sp/hard\libcr_c.a(memcpy.o)
                0x000090ee                memcpy
 .text.memset   0x000090f2        0x4 c:/nxp/mcuxpressoide_10.2.0_759/ide/tools/bin/../lib/gcc/arm-none-eabi/7.2.1/../../../../arm-none-eabi/lib/thumb/v7e-m/fpv4-sp/hard\libcr_c.a(memset.o)
                0x000090f2                memset
 .text._deferredlazyseek
                0x000090f6       0x40 c:/nxp/mcuxpressoide_10.2.0_759/ide/tools/bin/../lib/gcc/arm-none-eabi/7.2.1/../../../../arm-none-eabi/lib/thumb/v7e-m/fpv4-sp/hard\libcr_c.a(_deferredlazyseek.o)
                0x000090f6                _deferredlazyseek
 .text.__flsbuf
                0x00009136      0x140 c:/nxp/mcuxpressoide_10.2.0_759/ide/tools/bin/../lib/gcc/arm-none-eabi/7.2.1/../../../../arm-none-eabi/lib/thumb/v7e-m/fpv4-sp/hard\libcr_c.a(_deferredlazyseek.o)
                0x00009136                __flsbuf
 .text._fflush  0x00009276       0x52 c:/nxp/mcuxpressoide_10.2.0_759/ide/tools/bin/../lib/gcc/arm-none-eabi/7.2.1/../../../../arm-none-eabi/lib/thumb/v7e-m/fpv4-sp/hard\libcr_c.a(_fflush.o)
                0x00009276                _fflush
 .text.free     0x000092c8       0x30 c:/nxp/mcuxpressoide_10.2.0_759/ide/tools/bin/../lib/gcc/arm-none-eabi/7.2.1/../../../../arm-none-eabi/lib/thumb/v7e-m/fpv4-sp/hard\libcr_c.a(alloc.o)
                0x000092c8                free
 .text.fputs    0x000092f8       0x2c c:/nxp/mcuxpressoide_10.2.0_759/ide/tools/bin/../lib/gcc/arm-none-eabi/7.2.1/../../../../arm-none-eabi/lib/thumb/v7e-m/fpv4-sp/hard\libcr_c.a(fputs.o)
                0x000092f8                fputs
 .text.no_fp_display
                0x00009324        0x4 c:/nxp/mcuxpressoide_10.2.0_759/ide/tools/bin/../lib/gcc/arm-none-eabi/7.2.1/../../../../arm-none-eabi/lib/thumb/v7e-m/fpv4-sp/hard\libcr_c.a(printf.o)
 .text.strcmp   0x00009328       0x46 c:/nxp/mcuxpressoide_10.2.0_759/ide/tools/bin/../lib/gcc/arm-none-eabi/7.2.1/../../../../arm-none-eabi/lib/thumb/v7e-m/fpv4-sp/hard\libcr_c.a(strcmp.o)
                0x00009328                strcmp
 .text.strcpy   0x0000936e       0x42 c:/nxp/mcuxpressoide_10.2.0_759/ide/tools/bin/../lib/gcc/arm-none-eabi/7.2.1/../../../../arm-none-eabi/lib/thumb/v7e-m/fpv4-sp/hard\libcr_c.a(strcpy.o)
                0x0000936e                strcpy
 .text.strlen   0x000093b0       0x4a c:/nxp/mcuxpressoide_10.2.0_759/ide/tools/bin/../lib/gcc/arm-none-eabi/7.2.1/../../../../arm-none-eabi/lib/thumb/v7e-m/fpv4-sp/hard\libcr_c.a(strlen.o)
                0x000093b0                strlen
 .text.strncmp  0x000093fa       0x58 c:/nxp/mcuxpressoide_10.2.0_759/ide/tools/bin/../lib/gcc/arm-none-eabi/7.2.1/../../../../arm-none-eabi/lib/thumb/v7e-m/fpv4-sp/hard\libcr_c.a(strncmp.o)
                0x000093fa                strncmp
 .text.strstr   0x00009452       0x20 c:/nxp/mcuxpressoide_10.2.0_759/ide/tools/bin/../lib/gcc/arm-none-eabi/7.2.1/../../../../arm-none-eabi/lib/thumb/v7e-m/fpv4-sp/hard\libcr_c.a(strstr.o)
                0x00009452                strstr
 .text._fdopen  0x00009472       0x68 c:/nxp/mcuxpressoide_10.2.0_759/ide/tools/bin/../lib/gcc/arm-none-eabi/7.2.1/../../../../arm-none-eabi/lib/thumb/v7e-m/fpv4-sp/hard\libcr_c.a(_fdopen.o)
                0x00009472                _fdopen
 .text.fclose   0x000094da       0x58 c:/nxp/mcuxpressoide_10.2.0_759/ide/tools/bin/../lib/gcc/arm-none-eabi/7.2.1/../../../../arm-none-eabi/lib/thumb/v7e-m/fpv4-sp/hard\libcr_c.a(fclose.o)
                0x000094da                fclose
 .text.remove   0x00009532       0x14 c:/nxp/mcuxpressoide_10.2.0_759/ide/tools/bin/../lib/gcc/arm-none-eabi/7.2.1/../../../../arm-none-eabi/lib/thumb/v7e-m/fpv4-sp/hard\libcr_c.a(remove.o)
                0x00009532                remove
 .text._do_fflush
                0x00009546       0x40 c:/nxp/mcuxpressoide_10.2.0_759/ide/tools/bin/../lib/gcc/arm-none-eabi/7.2.1/../../../../arm-none-eabi/lib/thumb/v7e-m/fpv4-sp/hard\libcr_c.a(_do_fflush.o)
                0x00009546                _do_fflush
 .text.__aeabi_memcpy
                0x00009586       0x34 c:/nxp/mcuxpressoide_10.2.0_759/ide/tools/bin/../lib/gcc/arm-none-eabi/7.2.1/thumb/v7e-m/fpv4-sp/hard\libcr_eabihelpers.a(memcpy.o)
                0x00009586                __aeabi_memcpy
                0x00009590                __aeabi_memcpy8
                0x00009590                __aeabi_memcpy4
 .text.__aeabi_memset_lowlevel
                0x000095ba       0x32 c:/nxp/mcuxpressoide_10.2.0_759/ide/tools/bin/../lib/gcc/arm-none-eabi/7.2.1/thumb/v7e-m/fpv4-sp/hard\libcr_eabihelpers.a(memcpy.o)
                0x000095ba                __aeabi_lowlevel_memset
 .text.__sys_close
                0x000095ec        0xc c:/nxp/mcuxpressoide_10.2.0_759/ide/tools/bin/../lib/gcc/arm-none-eabi/7.2.1/../../../../arm-none-eabi/lib/thumb/v7e-m/fpv4-sp/hard\libcr_semihost_nf.a(__sys_close.o)
                0x000095ec                __sys_close
 .text.__sys_flen
                0x000095f8        0xc c:/nxp/mcuxpressoide_10.2.0_759/ide/tools/bin/../lib/gcc/arm-none-eabi/7.2.1/../../../../arm-none-eabi/lib/thumb/v7e-m/fpv4-sp/hard\libcr_semihost_nf.a(__sys_flen.o)
                0x000095f8                __sys_flen
 .text.__sys_istty
                0x00009604        0xc c:/nxp/mcuxpressoide_10.2.0_759/ide/tools/bin/../lib/gcc/arm-none-eabi/7.2.1/../../../../arm-none-eabi/lib/thumb/v7e-m/fpv4-sp/hard\libcr_semihost_nf.a(__sys_istty.o)
                0x00009604                __sys_istty
 .text.__sys_remove
                0x00009610        0xc c:/nxp/mcuxpressoide_10.2.0_759/ide/tools/bin/../lib/gcc/arm-none-eabi/7.2.1/../../../../arm-none-eabi/lib/thumb/v7e-m/fpv4-sp/hard\libcr_semihost_nf.a(__sys_remove.o)
                0x00009610                __sys_remove
 .text.__sys_seek
                0x0000961c        0xc c:/nxp/mcuxpressoide_10.2.0_759/ide/tools/bin/../lib/gcc/arm-none-eabi/7.2.1/../../../../arm-none-eabi/lib/thumb/v7e-m/fpv4-sp/hard\libcr_semihost_nf.a(__sys_seek.o)
                0x0000961c                __sys_seek
 .text.__sys_tmpnam
                0x00009628        0xc c:/nxp/mcuxpressoide_10.2.0_759/ide/tools/bin/../lib/gcc/arm-none-eabi/7.2.1/../../../../arm-none-eabi/lib/thumb/v7e-m/fpv4-sp/hard\libcr_semihost_nf.a(__sys_tmpnam.o)
                0x00009628                __sys_tmpnam
 .text.__sys_write
                0x00009634        0xc c:/nxp/mcuxpressoide_10.2.0_759/ide/tools/bin/../lib/gcc/arm-none-eabi/7.2.1/../../../../arm-none-eabi/lib/thumb/v7e-m/fpv4-sp/hard\libcr_semihost_nf.a(__sys_write.o)
                0x00009634                __sys_write
 *(SORT_BY_ALIGNMENT(.rodata) SORT_BY_ALIGNMENT(.rodata.*) SORT_BY_ALIGNMENT(.constdata) SORT_BY_ALIGNMENT(.constdata.*))
 .rodata        0x00009640       0x50 ./utilities/fsl_debug_console.o
 .rodata        0x00009690       0x27 ./utilities/fsl_io.o
 *fill*         0x000096b7        0x1 ff
 .rodata.s_sdCardDetect
                0x000096b8       0x14 ./source/fatfs_sdcard.o
 .rodata        0x000096cc      0x151 ./source/fatfs_sdcard.o
 *fill*         0x0000981d        0x3 ff
 .rodata        0x00009820      0x8c2 ./sdmmc/src/fsl_sd.o
 *fill*         0x0000a0e2        0x2 ff
 .rodata        0x0000a0e4      0x14f ./sdmmc/src/fsl_sdmmc_common.o
 *fill*         0x0000a233        0x1 ff
 .rodata        0x0000a234       0x50 ./fatfs/fatfs_source/ff.o
 .rodata        0x0000a284      0x149 ./drivers/fsl_clock.o
 *fill*         0x0000a3cd        0x3 ff
 .rodata.fllFactorTable.7747
                0x0000a3d0       0x10 ./drivers/fsl_clock.o
 .rodata        0x0000a3e0      0x509 ./drivers/fsl_dspi.o
 *fill*         0x0000a8e9        0x3 ff
 .rodata        0x0000a8ec      0x5a1 ./drivers/fsl_sdhc.o
 *fill*         0x0000ae8d        0x3 ff
 .rodata.s_uartBases
                0x0000ae90       0x18 ./drivers/fsl_uart.o
 .rodata.s_uartClock
                0x0000aea8       0x18 ./drivers/fsl_uart.o
 .rodata        0x0000aec0      0x513 ./drivers/fsl_uart.o
 *fill*         0x0000b3d3        0x1 ff
 .rodata.mcgConfig_BOARD_BootClockRUN
                0x0000b3d4        0xb ./board/src/clock_config.o
                0x0000b3d4                mcgConfig_BOARD_BootClockRUN
 *fill*         0x0000b3df        0x1 ff
 .rodata.simConfig_BOARD_BootClockRUN
                0x0000b3e0        0x8 ./board/src/clock_config.o
                0x0000b3e0                simConfig_BOARD_BootClockRUN
 .rodata.oscConfig_BOARD_BootClockRUN
                0x0000b3e8        0x8 ./board/src/clock_config.o
                0x0000b3e8                oscConfig_BOARD_BootClockRUN
 .rodata        0x0000b3f0       0x23 ./board/pin_mux.o
 *fill*         0x0000b413        0x1 ff
 .rodata.__num_Ciob_streams
                0x0000b414        0x4 c:/nxp/mcuxpressoide_10.2.0_759/ide/tools/bin/../lib/gcc/arm-none-eabi/7.2.1/../../../../arm-none-eabi/lib/thumb/v7e-m/fpv4-sp/hard\libcr_semihost_nf.a(__ciob.o)
                0x0000b414                __num_Ciob_streams
 .rodata.__assertion_failed.str1.1
                0x0000b418       0x15 c:/nxp/mcuxpressoide_10.2.0_759/ide/tools/bin/../lib/gcc/arm-none-eabi/7.2.1/../../../../arm-none-eabi/lib/thumb/v7e-m/fpv4-sp/hard\libcr_semihost_nf.a(_cr_assert.o)
 .rodata._Csys_alloc.str1.1
                0x0000b42d       0x18 c:/nxp/mcuxpressoide_10.2.0_759/ide/tools/bin/../lib/gcc/arm-none-eabi/7.2.1/../../../../arm-none-eabi/lib/thumb/v7e-m/fpv4-sp/hard\libcr_c.a(alloc.o)
 .rodata._initio.str1.1
                0x0000b445        0x4 c:/nxp/mcuxpressoide_10.2.0_759/ide/tools/bin/../lib/gcc/arm-none-eabi/7.2.1/../../../../arm-none-eabi/lib/thumb/v7e-m/fpv4-sp/hard\libcr_c.a(initio.o)
 .rodata.__vfprintf.str1.1
                0x0000b449       0x35 c:/nxp/mcuxpressoide_10.2.0_759/ide/tools/bin/../lib/gcc/arm-none-eabi/7.2.1/../../../../arm-none-eabi/lib/thumb/v7e-m/fpv4-sp/hard\libcr_c.a(printf.o)
                                 0x38 (size before relaxing)
                0x0000b480                . = ALIGN (0x8)
 *fill*         0x0000b47e        0x2 ff

.glue_7         0x0000b480        0x0
 .glue_7        0x0000b480        0x0 linker stubs

.glue_7t        0x0000b480        0x0
 .glue_7t       0x0000b480        0x0 linker stubs

.vfp11_veneer   0x0000b480        0x0
 .vfp11_veneer  0x0000b480        0x0 linker stubs

.v4_bx          0x0000b480        0x0
 .v4_bx         0x0000b480        0x0 linker stubs

.iplt           0x0000b480        0x0
 .iplt          0x0000b480        0x0 ./utilities/fsl_debug_console.o

.rel.dyn        0x0000b480        0x0
 .rel.iplt      0x0000b480        0x0 ./utilities/fsl_debug_console.o

.ARM.extab
 *(SORT_BY_ALIGNMENT(.ARM.extab*) SORT_BY_ALIGNMENT(.gnu.linkonce.armextab.*))
                0x0000b480                __exidx_start = .

.ARM.exidx
 *(SORT_BY_ALIGNMENT(.ARM.exidx*) SORT_BY_ALIGNMENT(.gnu.linkonce.armexidx.*))
                0x0000b480                __exidx_end = .
                0x0000b480                _etext = .

.m_usb_data
 *(SORT_BY_ALIGNMENT(m_usb_bdt))

.data_RAM2      0x1fff0000        0x0 load address 0x0000b480
 FILL mask 0xff
                [!provide]                PROVIDE (__start_data_RAM2, .)
 *(SORT_BY_ALIGNMENT(.ramfunc.$RAM2))
 *(SORT_BY_ALIGNMENT(.ramfunc.$SRAM_LOWER))
 *(SORT_BY_ALIGNMENT(.data.$RAM2*))
 *(SORT_BY_ALIGNMENT(.data.$SRAM_LOWER*))
                0x1fff0000                . = ALIGN (0x8)
                [!provide]                PROVIDE (__end_data_RAM2, .)

.data_RAM3      0x14000000        0x0 load address 0x0000b480
 FILL mask 0xff
                [!provide]                PROVIDE (__start_data_RAM3, .)
 *(SORT_BY_ALIGNMENT(.ramfunc.$RAM3))
 *(SORT_BY_ALIGNMENT(.ramfunc.$FLEX_RAM))
 *(SORT_BY_ALIGNMENT(.data.$RAM3*))
 *(SORT_BY_ALIGNMENT(.data.$FLEX_RAM*))
                0x14000000                . = ALIGN (0x8)
                [!provide]                PROVIDE (__end_data_RAM3, .)

.uninit_RESERVED
                0x20000000        0x0
 *(SORT_BY_ALIGNMENT(.bss.$RESERVED*))
                0x20000000                . = ALIGN (0x4)
                0x20000000                _end_uninit_RESERVED = .

.data           0x20000000       0x10 load address 0x0000b480
 FILL mask 0xff
                0x20000000                _data = .
 *(SORT_BY_ALIGNMENT(vtable))
 *(SORT_BY_ALIGNMENT(.ramfunc*))
 *(SORT_BY_ALIGNMENT(.data*))
 .data.s_slowIrcFreq
                0x20000000        0x4 ./drivers/fsl_clock.o
 .data.s_fastIrcFreq
                0x20000004        0x4 ./drivers/fsl_clock.o
 .data.SystemCoreClock
                0x20000008        0x4 ./CMSIS/system_MK64F12.o
                0x20000008                SystemCoreClock
 .data.g_sdhcTransferSuccessFlag
                0x2000000c        0x1 ./sdmmc/port/fsl_sdmmc_host.o
                0x2000000c                g_sdhcTransferSuccessFlag
                0x20000010                . = ALIGN (0x8)
 *fill*         0x2000000d        0x3 ff
                0x20000010                _edata = .

.igot.plt       0x20000010        0x0 load address 0x0000b490
 .igot.plt      0x20000010        0x0 ./utilities/fsl_debug_console.o

.bss_RAM2       0x1fff0000        0x0
                [!provide]                PROVIDE (__start_bss_RAM2, .)
 *(SORT_BY_ALIGNMENT(.bss.$RAM2*))
 *(SORT_BY_ALIGNMENT(.bss.$SRAM_LOWER*))
                0x1fff0000                . = ALIGN ((. != 0x0)?0x8:0x1)
                [!provide]                PROVIDE (__end_bss_RAM2, .)

.bss_RAM3       0x14000000        0x0
                [!provide]                PROVIDE (__start_bss_RAM3, .)
 *(SORT_BY_ALIGNMENT(.bss.$RAM3*))
 *(SORT_BY_ALIGNMENT(.bss.$FLEX_RAM*))
                0x14000000                . = ALIGN ((. != 0x0)?0x8:0x1)
                [!provide]                PROVIDE (__end_bss_RAM3, .)

.bss            0x20000010     0x9e10
                0x20000010                _bss = .
 *(SORT_BY_ALIGNMENT(.bss*))
 .bss.s_debugConsoleIO
                0x20000010        0x8 ./utilities/fsl_io.o
 .bss.g_fileSystem
                0x20000018      0x234 ./source/fatfs_sdcard.o
 .bss.hMP3Decoder
                0x2000024c        0x4 ./source/fatfs_sdcard.o
                0x2000024c                hMP3Decoder
 .bss.bytes_left
                0x20000250        0x4 ./source/fatfs_sdcard.o
                0x20000250                bytes_left
 .bss.mp3_files
                0x20000254     0x3a98 ./source/fatfs_sdcard.o
                0x20000254                mp3_files
 .bss.mp3_file_index
                0x20003cec        0x4 ./source/fatfs_sdcard.o
                0x20003cec                mp3_file_index
 .bss.mp3_total_files
                0x20003cf0        0x4 ./source/fatfs_sdcard.o
                0x20003cf0                mp3_total_files
 .bss.g_sdmmc   0x20003cf4      0x200 ./sdmmc/src/fsl_sdmmc_common.o
                0x20003cf4                g_sdmmc
 .bss.g_eventCardDetect
                0x20003ef4        0x4 ./sdmmc/port/fsl_sdmmc_event.o
 .bss.g_eventTransferComplete
                0x20003ef8        0x4 ./sdmmc/port/fsl_sdmmc_event.o
 .bss.g_eventTimeMilliseconds
                0x20003efc        0x4 ./sdmmc/port/fsl_sdmmc_event.o
                0x20003efc                g_eventTimeMilliseconds
 .bss.g_sdhcHandle
                0x20003f00       0x28 ./sdmmc/port/fsl_sdmmc_host.o
                0x20003f00                g_sdhcHandle
 .bss.s_sdhcAdmaTable
                0x20003f28       0x20 ./sdmmc/port/fsl_sdmmc_host.o
 .bss.s_mp3DecInfo.5507
                0x20003f48      0x7f0 ./helix/real/buffers.o
 .bss.s_fh.5508
                0x20004738       0x38 ./helix/real/buffers.o
 .bss.s_si.5509
                0x20004770      0x148 ./helix/real/buffers.o
 .bss.s_sfi.5510
                0x200048b8      0x11c ./helix/real/buffers.o
 .bss.s_hi.5511
                0x200049d4     0x1210 ./helix/real/buffers.o
 .bss.s_di.5512
                0x20005be4      0x348 ./helix/real/buffers.o
 .bss.s_mi.5513
                0x20005f2c     0x1b20 ./helix/real/buffers.o
 .bss.s_sbi.5514
                0x20007a4c     0x2204 ./helix/real/buffers.o
 .bss.FatFs     0x20009c50        0xc ./fatfs/fatfs_source/ff.o
 .bss.g_sd      0x20009c5c       0xbc ./fatfs/fatfs_source/fsl_sd_disk.o
                0x20009c5c                g_sd
 .bss.g_xtal0Freq
                0x20009d18        0x4 ./drivers/fsl_clock.o
                0x20009d18                g_xtal0Freq
 .bss.g_xtal32Freq
                0x20009d1c        0x4 ./drivers/fsl_clock.o
                0x20009d1c                g_xtal32Freq
 .bss.g_dspiHandle
                0x20009d20        0xc ./drivers/fsl_dspi.o
 .bss.s_dspiMasterIsr
                0x20009d2c        0x4 ./drivers/fsl_dspi.o
 .bss.s_dspiSlaveIsr
                0x20009d30        0x4 ./drivers/fsl_dspi.o
 .bss.s_sdhcHandle
                0x20009d34        0x4 ./drivers/fsl_sdhc.o
 .bss.s_sdhcIsr
                0x20009d38        0x4 ./drivers/fsl_sdhc.o
 .bss.s_uartHandle
                0x20009d3c       0x18 ./drivers/fsl_uart.o
 .bss.s_uartIsr
                0x20009d54        0x4 ./drivers/fsl_uart.o
 .bss.__Ciob    0x20009d58       0xb4 c:/nxp/mcuxpressoide_10.2.0_759/ide/tools/bin/../lib/gcc/arm-none-eabi/7.2.1/../../../../arm-none-eabi/lib/thumb/v7e-m/fpv4-sp/hard\libcr_semihost_nf.a(__ciob.o)
                0x20009d58                __Ciob
 .bss.__end_of_heap
                0x20009e0c        0x4 c:/nxp/mcuxpressoide_10.2.0_759/ide/tools/bin/../lib/gcc/arm-none-eabi/7.2.1/../../../../arm-none-eabi/lib/thumb/v7e-m/fpv4-sp/hard\libcr_c.a(__init_alloc.o)
                0x20009e0c                __end_of_heap
 .bss.__heaps   0x20009e10        0x4 c:/nxp/mcuxpressoide_10.2.0_759/ide/tools/bin/../lib/gcc/arm-none-eabi/7.2.1/../../../../arm-none-eabi/lib/thumb/v7e-m/fpv4-sp/hard\libcr_c.a(__init_alloc.o)
                0x20009e10                __heaps
 .bss.errno     0x20009e14        0x4 c:/nxp/mcuxpressoide_10.2.0_759/ide/tools/bin/../lib/gcc/arm-none-eabi/7.2.1/../../../../arm-none-eabi/lib/thumb/v7e-m/fpv4-sp/hard\libcr_c.a(errno.o)
                0x20009e14                errno
 .bss.Fsid      0x20009e18        0x2 ./fatfs/fatfs_source/ff.o
 .bss.s_sdInsertedFlag
                0x20009e1a        0x1 ./sdmmc/port/fsl_sdmmc_host.o
 .bss.CurrVol   0x20009e1b        0x1 ./fatfs/fatfs_source/ff.o
 *(SORT_BY_ALIGNMENT(COMMON))
                0x20009e20                . = ALIGN (0x8)
 *fill*         0x20009e1c        0x4 
                0x20009e20                _ebss = .
                [!provide]                PROVIDE (end, .)

.noinit_RAM2    0x1fff0000        0x0
 *(SORT_BY_ALIGNMENT(.noinit.$RAM2*))
 *(SORT_BY_ALIGNMENT(.noinit.$SRAM_LOWER*))
                0x1fff0000                . = ALIGN (0x8)

.noinit_RAM3    0x14000000        0x0
 *(SORT_BY_ALIGNMENT(.noinit.$RAM3*))
 *(SORT_BY_ALIGNMENT(.noinit.$FLEX_RAM*))
                0x14000000                . = ALIGN (0x8)

.noinit         0x20009e20        0x0
                0x20009e20                _noinit = .
 *(SORT_BY_ALIGNMENT(.noinit*))
                0x20009e20                . = ALIGN (0x8)
                0x20009e20                _end_noinit = .
                0x00001000                _HeapSize = 0x1000

.heap           0x20009e20     0x1000
                0x20009e20                _pvHeapStart = .
                0x2000ae20                . = (. + _HeapSize)
 *fill*         0x20009e20     0x1000 
                0x2000ae20                . = ALIGN (0x8)
                0x2000ae20                _pvHeapLimit = .
                0x00001000                _StackSize = 0x1000

.heap2stackfill
                0x2000ae20     0x1000
                0x2000be20                . = (. + _StackSize)
 *fill*         0x2000ae20     0x1000 

.stack          0x2002f000        0x0
                0x2002f000                _vStackBase = .
                0x2002f000                . = ALIGN (0x8)
                0x20030000                _vStackTop = (. + _StackSize)
                0x00000000                _image_start = LOADADDR (.text)
                0x0000b490                _image_end = (LOADADDR (.data) + SIZEOF (.data))
                0x0000b490                _image_size = (_image_end - _image_start)
OUTPUT(frdmk64f_fatfs_sdcard.axf elf32-littlearm)

.debug_info     0x00000000    0x1878e
 .debug_info    0x00000000      0x2b9 ./utilities/fsl_debug_console.o
 .debug_info    0x000002b9      0x820 ./utilities/fsl_io.o
 .debug_info    0x00000ad9      0x336 ./utilities/fsl_log.o
 .debug_info    0x00000e0f      0x8ac ./startup/startup_mk64f12.o
 .debug_info    0x000016bb     0x1caa ./source/fatfs_sdcard.o
 .debug_info    0x00003365       0x37 ./source/semihost_hardfault.o
 .debug_info    0x0000339c     0x26a8 ./sdmmc/src/fsl_sd.o
 .debug_info    0x00005a44     0x111a ./sdmmc/src/fsl_sdmmc_common.o
 .debug_info    0x00006b5e      0xaf8 ./sdmmc/port/fsl_sdmmc_event.o
 .debug_info    0x00007656     0x1c71 ./sdmmc/port/fsl_sdmmc_host.o
 .debug_info    0x000092c7      0xc4c ./helix/real/buffers.o
 .debug_info    0x00009f13      0x754 ./helix/mp3dec.o
 .debug_info    0x0000a667     0x1098 ./fatfs/fatfs_source/diskio.o
 .debug_info    0x0000b6ff     0x2044 ./fatfs/fatfs_source/ff.o
 .debug_info    0x0000d743     0x137f ./fatfs/fatfs_source/fsl_sd_disk.o
 .debug_info    0x0000eac2     0x1e9b ./drivers/fsl_clock.o
 .debug_info    0x0001095d     0x22c9 ./drivers/fsl_dspi.o
 .debug_info    0x00012c26     0x2158 ./drivers/fsl_sdhc.o
 .debug_info    0x00014d7e     0x19db ./drivers/fsl_uart.o
 .debug_info    0x00016759      0x70e ./board/src/board.o
 .debug_info    0x00016e67      0xaa2 ./board/src/clock_config.o
 .debug_info    0x00017909      0x858 ./board/pin_mux.o
 .debug_info    0x00018161      0x62d ./CMSIS/system_MK64F12.o

.debug_abbrev   0x00000000     0x2f44
 .debug_abbrev  0x00000000      0x104 ./utilities/fsl_debug_console.o
 .debug_abbrev  0x00000104      0x21d ./utilities/fsl_io.o
 .debug_abbrev  0x00000321      0x17d ./utilities/fsl_log.o
 .debug_abbrev  0x0000049e      0x159 ./startup/startup_mk64f12.o
 .debug_abbrev  0x000005f7      0x2e0 ./source/fatfs_sdcard.o
 .debug_abbrev  0x000008d7       0x2c ./source/semihost_hardfault.o
 .debug_abbrev  0x00000903      0x2b4 ./sdmmc/src/fsl_sd.o
 .debug_abbrev  0x00000bb7      0x1b5 ./sdmmc/src/fsl_sdmmc_common.o
 .debug_abbrev  0x00000d6c      0x23a ./sdmmc/port/fsl_sdmmc_event.o
 .debug_abbrev  0x00000fa6      0x326 ./sdmmc/port/fsl_sdmmc_host.o
 .debug_abbrev  0x000012cc      0x1c0 ./helix/real/buffers.o
 .debug_abbrev  0x0000148c      0x242 ./helix/mp3dec.o
 .debug_abbrev  0x000016ce      0x210 ./fatfs/fatfs_source/diskio.o
 .debug_abbrev  0x000018de      0x1fa ./fatfs/fatfs_source/ff.o
 .debug_abbrev  0x00001ad8      0x1d0 ./fatfs/fatfs_source/fsl_sd_disk.o
 .debug_abbrev  0x00001ca8      0x31e ./drivers/fsl_clock.o
 .debug_abbrev  0x00001fc6      0x33b ./drivers/fsl_dspi.o
 .debug_abbrev  0x00002301      0x2b0 ./drivers/fsl_sdhc.o
 .debug_abbrev  0x000025b1      0x300 ./drivers/fsl_uart.o
 .debug_abbrev  0x000028b1      0x159 ./board/src/board.o
 .debug_abbrev  0x00002a0a      0x1f1 ./board/src/clock_config.o
 .debug_abbrev  0x00002bfb      0x1f8 ./board/pin_mux.o
 .debug_abbrev  0x00002df3      0x151 ./CMSIS/system_MK64F12.o

.debug_aranges  0x00000000     0x1260
 .debug_aranges
                0x00000000       0x30 ./utilities/fsl_debug_console.o
 .debug_aranges
                0x00000030       0x48 ./utilities/fsl_io.o
 .debug_aranges
                0x00000078       0x58 ./utilities/fsl_log.o
 .debug_aranges
                0x000000d0      0x330 ./startup/startup_mk64f12.o
 .debug_aranges
                0x00000400       0x48 ./source/fatfs_sdcard.o
 .debug_aranges
                0x00000448       0x20 ./source/semihost_hardfault.o
 .debug_aranges
                0x00000468      0x178 ./sdmmc/src/fsl_sd.o
 .debug_aranges
                0x000005e0       0x68 ./sdmmc/src/fsl_sdmmc_common.o
 .debug_aranges
                0x00000648       0x68 ./sdmmc/port/fsl_sdmmc_event.o
 .debug_aranges
                0x000006b0      0x108 ./sdmmc/port/fsl_sdmmc_host.o
 .debug_aranges
                0x000007b8       0x30 ./helix/real/buffers.o
 .debug_aranges
                0x000007e8       0x58 ./helix/mp3dec.o
 .debug_aranges
                0x00000840       0x40 ./fatfs/fatfs_source/diskio.o
 .debug_aranges
                0x00000880      0x208 ./fatfs/fatfs_source/ff.o
 .debug_aranges
                0x00000a88       0x40 ./fatfs/fatfs_source/fsl_sd_disk.o
 .debug_aranges
                0x00000ac8      0x1e8 ./drivers/fsl_clock.o
 .debug_aranges
                0x00000cb0      0x1d0 ./drivers/fsl_dspi.o
 .debug_aranges
                0x00000e80      0x198 ./drivers/fsl_sdhc.o
 .debug_aranges
                0x00001018      0x170 ./drivers/fsl_uart.o
 .debug_aranges
                0x00001188       0x20 ./board/src/board.o
 .debug_aranges
                0x000011a8       0x50 ./board/src/clock_config.o
 .debug_aranges
                0x000011f8       0x38 ./board/pin_mux.o
 .debug_aranges
                0x00001230       0x30 ./CMSIS/system_MK64F12.o

.debug_ranges   0x00000000     0x1108
 .debug_ranges  0x00000000       0x20 ./utilities/fsl_debug_console.o
 .debug_ranges  0x00000020       0x38 ./utilities/fsl_io.o
 .debug_ranges  0x00000058       0x48 ./utilities/fsl_log.o
 .debug_ranges  0x000000a0      0x320 ./startup/startup_mk64f12.o
 .debug_ranges  0x000003c0       0x50 ./source/fatfs_sdcard.o
 .debug_ranges  0x00000410       0x10 ./source/semihost_hardfault.o
 .debug_ranges  0x00000420      0x168 ./sdmmc/src/fsl_sd.o
 .debug_ranges  0x00000588       0x58 ./sdmmc/src/fsl_sdmmc_common.o
 .debug_ranges  0x000005e0       0x58 ./sdmmc/port/fsl_sdmmc_event.o
 .debug_ranges  0x00000638       0xf8 ./sdmmc/port/fsl_sdmmc_host.o
 .debug_ranges  0x00000730       0x20 ./helix/real/buffers.o
 .debug_ranges  0x00000750       0x48 ./helix/mp3dec.o
 .debug_ranges  0x00000798       0x30 ./fatfs/fatfs_source/diskio.o
 .debug_ranges  0x000007c8      0x1f8 ./fatfs/fatfs_source/ff.o
 .debug_ranges  0x000009c0       0x30 ./fatfs/fatfs_source/fsl_sd_disk.o
 .debug_ranges  0x000009f0      0x1d8 ./drivers/fsl_clock.o
 .debug_ranges  0x00000bc8      0x1c0 ./drivers/fsl_dspi.o
 .debug_ranges  0x00000d88      0x188 ./drivers/fsl_sdhc.o
 .debug_ranges  0x00000f10      0x160 ./drivers/fsl_uart.o
 .debug_ranges  0x00001070       0x10 ./board/src/board.o
 .debug_ranges  0x00001080       0x40 ./board/src/clock_config.o
 .debug_ranges  0x000010c0       0x28 ./board/pin_mux.o
 .debug_ranges  0x000010e8       0x20 ./CMSIS/system_MK64F12.o

.debug_line     0x00000000     0x6f31
 .debug_line    0x00000000      0x175 ./utilities/fsl_debug_console.o
 .debug_line    0x00000175      0x206 ./utilities/fsl_io.o
 .debug_line    0x0000037b      0x211 ./utilities/fsl_log.o
 .debug_line    0x0000058c      0x6d4 ./startup/startup_mk64f12.o
 .debug_line    0x00000c60      0x3e7 ./source/fatfs_sdcard.o
 .debug_line    0x00001047       0x54 ./source/semihost_hardfault.o
 .debug_line    0x0000109b      0xb66 ./sdmmc/src/fsl_sd.o
 .debug_line    0x00001c01      0x335 ./sdmmc/src/fsl_sdmmc_common.o
 .debug_line    0x00001f36      0x24b ./sdmmc/port/fsl_sdmmc_event.o
 .debug_line    0x00002181      0x49b ./sdmmc/port/fsl_sdmmc_host.o
 .debug_line    0x0000261c      0x14b ./helix/real/buffers.o
 .debug_line    0x00002767      0x247 ./helix/mp3dec.o
 .debug_line    0x000029ae      0x287 ./fatfs/fatfs_source/diskio.o
 .debug_line    0x00002c35     0x144d ./fatfs/fatfs_source/ff.o
 .debug_line    0x00004082      0x28e ./fatfs/fatfs_source/fsl_sd_disk.o
 .debug_line    0x00004310      0x928 ./drivers/fsl_clock.o
 .debug_line    0x00004c38      0xa94 ./drivers/fsl_dspi.o
 .debug_line    0x000056cc      0x8ca ./drivers/fsl_sdhc.o
 .debug_line    0x00005f96      0x938 ./drivers/fsl_uart.o
 .debug_line    0x000068ce      0x14b ./board/src/board.o
 .debug_line    0x00006a19      0x1ee ./board/src/clock_config.o
 .debug_line    0x00006c07      0x1a2 ./board/pin_mux.o
 .debug_line    0x00006da9      0x188 ./CMSIS/system_MK64F12.o

.debug_str      0x00000000     0xa107
 .debug_str     0x00000000      0x3ab ./utilities/fsl_debug_console.o
                                0x3f1 (size before relaxing)
 .debug_str     0x000003ab      0x9e4 ./utilities/fsl_io.o
                                0xcec (size before relaxing)
 .debug_str     0x00000d8f       0x85 ./utilities/fsl_log.o
                                0x3a7 (size before relaxing)
 .debug_str     0x00000e14      0x7ed ./startup/startup_mk64f12.o
                                0x93c (size before relaxing)
 .debug_str     0x00001601     0x1620 ./source/fatfs_sdcard.o
                               0x1fe3 (size before relaxing)
 .debug_str     0x00002c21       0x1f ./source/semihost_hardfault.o
                                0x15e (size before relaxing)
 .debug_str     0x00002c40     0x1b1f ./sdmmc/src/fsl_sd.o
                               0x2dfc (size before relaxing)
 .debug_str     0x0000475f       0xc4 ./sdmmc/src/fsl_sdmmc_common.o
                               0x1dd4 (size before relaxing)
 .debug_str     0x00004823      0x75a ./sdmmc/port/fsl_sdmmc_event.o
                               0x108c (size before relaxing)
 .debug_str     0x00004f7d      0x83d ./sdmmc/port/fsl_sdmmc_host.o
                               0x2429 (size before relaxing)
 .debug_str     0x000057ba      0x608 ./helix/real/buffers.o
                                0x8cb (size before relaxing)
 .debug_str     0x00005dc2      0x26e ./helix/mp3dec.o
                                0x699 (size before relaxing)
 .debug_str     0x00006030       0x67 ./fatfs/fatfs_source/diskio.o
                               0x12a9 (size before relaxing)
 .debug_str     0x00006097      0x37e ./fatfs/fatfs_source/ff.o
                                0x7c1 (size before relaxing)
 .debug_str     0x00006415       0x7d ./fatfs/fatfs_source/fsl_sd_disk.o
                               0x1a05 (size before relaxing)
 .debug_str     0x00006492     0x1002 ./drivers/fsl_clock.o
                               0x1d12 (size before relaxing)
 .debug_str     0x00007494     0x1285 ./drivers/fsl_dspi.o
                               0x23ba (size before relaxing)
 .debug_str     0x00008719      0x9a2 ./drivers/fsl_sdhc.o
                               0x26ac (size before relaxing)
 .debug_str     0x000090bb      0x96b ./drivers/fsl_uart.o
                               0x1e6e (size before relaxing)
 .debug_str     0x00009a26       0x3b ./board/src/board.o
                                0x758 (size before relaxing)
 .debug_str     0x00009a61      0x226 ./board/src/clock_config.o
                                0xedb (size before relaxing)
 .debug_str     0x00009c87      0x3c4 ./board/pin_mux.o
                                0x9ab (size before relaxing)
 .debug_str     0x0000a04b       0xbc ./CMSIS/system_MK64F12.o
                                0x407 (size before relaxing)

.comment        0x00000000       0x7e
 .comment       0x00000000       0x7e ./utilities/fsl_debug_console.o
                                 0x7f (size before relaxing)
 .comment       0x0000007e       0x7f ./utilities/fsl_io.o
 .comment       0x0000007e       0x7f ./utilities/fsl_log.o
 .comment       0x0000007e       0x7f ./startup/startup_mk64f12.o
 .comment       0x0000007e       0x7f ./source/fatfs_sdcard.o
 .comment       0x0000007e       0x7f ./source/semihost_hardfault.o
 .comment       0x0000007e       0x7f ./sdmmc/src/fsl_sd.o
 .comment       0x0000007e       0x7f ./sdmmc/src/fsl_sdmmc_common.o
 .comment       0x0000007e       0x7f ./sdmmc/port/fsl_sdmmc_event.o
 .comment       0x0000007e       0x7f ./sdmmc/port/fsl_sdmmc_host.o
 .comment       0x0000007e       0x7f ./helix/real/buffers.o
 .comment       0x0000007e       0x7f ./helix/mp3dec.o
 .comment       0x0000007e       0x7f ./fatfs/fatfs_source/diskio.o
 .comment       0x0000007e       0x7f ./fatfs/fatfs_source/ff.o
 .comment       0x0000007e       0x7f ./fatfs/fatfs_source/fsl_sd_disk.o
 .comment       0x0000007e       0x7f ./drivers/fsl_clock.o
 .comment       0x0000007e       0x7f ./drivers/fsl_dspi.o
 .comment       0x0000007e       0x7f ./drivers/fsl_sdhc.o
 .comment       0x0000007e       0x7f ./drivers/fsl_uart.o
 .comment       0x0000007e       0x7f ./board/src/board.o
 .comment       0x0000007e       0x7f ./board/src/clock_config.o
 .comment       0x0000007e       0x7f ./board/pin_mux.o
 .comment       0x0000007e       0x7f ./CMSIS/system_MK64F12.o
 .comment       0x0000007e       0x7f c:/nxp/mcuxpressoide_10.2.0_759/ide/tools/bin/../lib/gcc/arm-none-eabi/7.2.1/../../../../arm-none-eabi/lib/thumb/v7e-m/fpv4-sp/hard\libcr_semihost_nf.a(_cr__main.o)
 .comment       0x0000007e       0x7f c:/nxp/mcuxpressoide_10.2.0_759/ide/tools/bin/../lib/gcc/arm-none-eabi/7.2.1/../../../../arm-none-eabi/lib/thumb/v7e-m/fpv4-sp/hard\libcr_semihost_nf.a(_cr_assert.o)
 .comment       0x0000007e       0x7f c:/nxp/mcuxpressoide_10.2.0_759/ide/tools/bin/../lib/gcc/arm-none-eabi/7.2.1/../../../../arm-none-eabi/lib/thumb/v7e-m/fpv4-sp/hard\libcr_semihost_nf.a(__ciob.o)
 .comment       0x0000007e       0x7f c:/nxp/mcuxpressoide_10.2.0_759/ide/tools/bin/../lib/gcc/arm-none-eabi/7.2.1/../../../../arm-none-eabi/lib/thumb/v7e-m/fpv4-sp/hard\libcr_c.a(memcpy.o)
 .comment       0x0000007e       0x7f c:/nxp/mcuxpressoide_10.2.0_759/ide/tools/bin/../lib/gcc/arm-none-eabi/7.2.1/../../../../arm-none-eabi/lib/thumb/v7e-m/fpv4-sp/hard\libcr_c.a(memset.o)
 .comment       0x0000007e       0x7f c:/nxp/mcuxpressoide_10.2.0_759/ide/tools/bin/../lib/gcc/arm-none-eabi/7.2.1/../../../../arm-none-eabi/lib/thumb/v7e-m/fpv4-sp/hard\libcr_c.a(_deferredlazyseek.o)
 .comment       0x0000007e       0x7f c:/nxp/mcuxpressoide_10.2.0_759/ide/tools/bin/../lib/gcc/arm-none-eabi/7.2.1/../../../../arm-none-eabi/lib/thumb/v7e-m/fpv4-sp/hard\libcr_c.a(_fflush.o)
 .comment       0x0000007e       0x7f c:/nxp/mcuxpressoide_10.2.0_759/ide/tools/bin/../lib/gcc/arm-none-eabi/7.2.1/../../../../arm-none-eabi/lib/thumb/v7e-m/fpv4-sp/hard\libcr_c.a(_writebuf.o)
 .comment       0x0000007e       0x7f c:/nxp/mcuxpressoide_10.2.0_759/ide/tools/bin/../lib/gcc/arm-none-eabi/7.2.1/../../../../arm-none-eabi/lib/thumb/v7e-m/fpv4-sp/hard\libcr_c.a(alloc.o)
 .comment       0x0000007e       0x7f c:/nxp/mcuxpressoide_10.2.0_759/ide/tools/bin/../lib/gcc/arm-none-eabi/7.2.1/../../../../arm-none-eabi/lib/thumb/v7e-m/fpv4-sp/hard\libcr_c.a(fputs.o)
 .comment       0x0000007e       0x7f c:/nxp/mcuxpressoide_10.2.0_759/ide/tools/bin/../lib/gcc/arm-none-eabi/7.2.1/../../../../arm-none-eabi/lib/thumb/v7e-m/fpv4-sp/hard\libcr_c.a(fseek.o)
 .comment       0x0000007e       0x7f c:/nxp/mcuxpressoide_10.2.0_759/ide/tools/bin/../lib/gcc/arm-none-eabi/7.2.1/../../../../arm-none-eabi/lib/thumb/v7e-m/fpv4-sp/hard\libcr_c.a(ftell.o)
 .comment       0x0000007e       0x7f c:/nxp/mcuxpressoide_10.2.0_759/ide/tools/bin/../lib/gcc/arm-none-eabi/7.2.1/../../../../arm-none-eabi/lib/thumb/v7e-m/fpv4-sp/hard\libcr_c.a(initio.o)
 .comment       0x0000007e       0x7f c:/nxp/mcuxpressoide_10.2.0_759/ide/tools/bin/../lib/gcc/arm-none-eabi/7.2.1/../../../../arm-none-eabi/lib/thumb/v7e-m/fpv4-sp/hard\libcr_c.a(printf.o)
 .comment       0x0000007e       0x7f c:/nxp/mcuxpressoide_10.2.0_759/ide/tools/bin/../lib/gcc/arm-none-eabi/7.2.1/../../../../arm-none-eabi/lib/thumb/v7e-m/fpv4-sp/hard\libcr_c.a(setvbuf.o)
 .comment       0x0000007e       0x7f c:/nxp/mcuxpressoide_10.2.0_759/ide/tools/bin/../lib/gcc/arm-none-eabi/7.2.1/../../../../arm-none-eabi/lib/thumb/v7e-m/fpv4-sp/hard\libcr_c.a(strcmp.o)
 .comment       0x0000007e       0x7f c:/nxp/mcuxpressoide_10.2.0_759/ide/tools/bin/../lib/gcc/arm-none-eabi/7.2.1/../../../../arm-none-eabi/lib/thumb/v7e-m/fpv4-sp/hard\libcr_c.a(strcpy.o)
 .comment       0x0000007e       0x7f c:/nxp/mcuxpressoide_10.2.0_759/ide/tools/bin/../lib/gcc/arm-none-eabi/7.2.1/../../../../arm-none-eabi/lib/thumb/v7e-m/fpv4-sp/hard\libcr_c.a(strlen.o)
 .comment       0x0000007e       0x7f c:/nxp/mcuxpressoide_10.2.0_759/ide/tools/bin/../lib/gcc/arm-none-eabi/7.2.1/../../../../arm-none-eabi/lib/thumb/v7e-m/fpv4-sp/hard\libcr_c.a(strncmp.o)
 .comment       0x0000007e       0x7f c:/nxp/mcuxpressoide_10.2.0_759/ide/tools/bin/../lib/gcc/arm-none-eabi/7.2.1/../../../../arm-none-eabi/lib/thumb/v7e-m/fpv4-sp/hard\libcr_c.a(strstr.o)
 .comment       0x0000007e       0x7f c:/nxp/mcuxpressoide_10.2.0_759/ide/tools/bin/../lib/gcc/arm-none-eabi/7.2.1/../../../../arm-none-eabi/lib/thumb/v7e-m/fpv4-sp/hard\libcr_c.a(__init_alloc.o)
 .comment       0x0000007e       0x7f c:/nxp/mcuxpressoide_10.2.0_759/ide/tools/bin/../lib/gcc/arm-none-eabi/7.2.1/../../../../arm-none-eabi/lib/thumb/v7e-m/fpv4-sp/hard\libcr_c.a(_cr_sbrk.o)
 .comment       0x0000007e       0x7f c:/nxp/mcuxpressoide_10.2.0_759/ide/tools/bin/../lib/gcc/arm-none-eabi/7.2.1/../../../../arm-none-eabi/lib/thumb/v7e-m/fpv4-sp/hard\libcr_c.a(_fdopen.o)
 .comment       0x0000007e       0x7f c:/nxp/mcuxpressoide_10.2.0_759/ide/tools/bin/../lib/gcc/arm-none-eabi/7.2.1/../../../../arm-none-eabi/lib/thumb/v7e-m/fpv4-sp/hard\libcr_c.a(errno.o)
 .comment       0x0000007e       0x7f c:/nxp/mcuxpressoide_10.2.0_759/ide/tools/bin/../lib/gcc/arm-none-eabi/7.2.1/../../../../arm-none-eabi/lib/thumb/v7e-m/fpv4-sp/hard\libcr_c.a(fclose.o)
 .comment       0x0000007e       0x7f c:/nxp/mcuxpressoide_10.2.0_759/ide/tools/bin/../lib/gcc/arm-none-eabi/7.2.1/../../../../arm-none-eabi/lib/thumb/v7e-m/fpv4-sp/hard\libcr_c.a(fflush.o)
 .comment       0x0000007e       0x7f c:/nxp/mcuxpressoide_10.2.0_759/ide/tools/bin/../lib/gcc/arm-none-eabi/7.2.1/../../../../arm-none-eabi/lib/thumb/v7e-m/fpv4-sp/hard\libcr_c.a(remove.o)
 .comment       0x0000007e       0x7f c:/nxp/mcuxpressoide_10.2.0_759/ide/tools/bin/../lib/gcc/arm-none-eabi/7.2.1/../../../../arm-none-eabi/lib/thumb/v7e-m/fpv4-sp/hard\libcr_c.a(_cr_check_heap.o)
 .comment       0x0000007e       0x7f c:/nxp/mcuxpressoide_10.2.0_759/ide/tools/bin/../lib/gcc/arm-none-eabi/7.2.1/../../../../arm-none-eabi/lib/thumb/v7e-m/fpv4-sp/hard\libcr_c.a(_do_fflush.o)

.ARM.attributes
                0x00000000       0x37
 .ARM.attributes
                0x00000000       0x39 ./utilities/fsl_debug_console.o
 .ARM.attributes
                0x00000039       0x39 ./utilities/fsl_io.o
 .ARM.attributes
                0x00000072       0x39 ./utilities/fsl_log.o
 .ARM.attributes
                0x000000ab       0x39 ./startup/startup_mk64f12.o
 .ARM.attributes
                0x000000e4       0x39 ./source/fatfs_sdcard.o
 .ARM.attributes
                0x0000011d       0x39 ./source/semihost_hardfault.o
 .ARM.attributes
                0x00000156       0x39 ./sdmmc/src/fsl_sd.o
 .ARM.attributes
                0x0000018f       0x39 ./sdmmc/src/fsl_sdmmc_common.o
 .ARM.attributes
                0x000001c8       0x39 ./sdmmc/port/fsl_sdmmc_event.o
 .ARM.attributes
                0x00000201       0x39 ./sdmmc/port/fsl_sdmmc_host.o
 .ARM.attributes